Component: ARM Compiler 6.14 Tool: armlink [5db06800]

==============================================================================

Section Cross References

    startup_stm32f103xb.o(STACK) refers (Special) to heapauxi.o(.text) for __use_two_region_memory
    startup_stm32f103xb.o(HEAP) refers (Special) to heapauxi.o(.text) for __use_two_region_memory
    startup_stm32f103xb.o(RESET) refers (Special) to heapauxi.o(.text) for __use_two_region_memory
    startup_stm32f103xb.o(RESET) refers to startup_stm32f103xb.o(STACK) for __initial_sp
    startup_stm32f103xb.o(RESET) refers to startup_stm32f103xb.o(.text) for Reset_Handler
    startup_stm32f103xb.o(RESET) refers to stm32f1xx_it.o(.text.NMI_Handler) for NMI_Handler
    startup_stm32f103xb.o(RESET) refers to stm32f1xx_it.o(.text.HardFault_Handler) for HardFault_Handler
    startup_stm32f103xb.o(RESET) refers to stm32f1xx_it.o(.text.MemManage_Handler) for MemManage_Handler
    startup_stm32f103xb.o(RESET) refers to stm32f1xx_it.o(.text.BusFault_Handler) for BusFault_Handler
    startup_stm32f103xb.o(RESET) refers to stm32f1xx_it.o(.text.UsageFault_Handler) for UsageFault_Handler
    startup_stm32f103xb.o(RESET) refers to stm32f1xx_it.o(.text.SVC_Handler) for SVC_Handler
    startup_stm32f103xb.o(RESET) refers to stm32f1xx_it.o(.text.DebugMon_Handler) for DebugMon_Handler
    startup_stm32f103xb.o(RESET) refers to stm32f1xx_it.o(.text.PendSV_Handler) for PendSV_Handler
    startup_stm32f103xb.o(RESET) refers to stm32f1xx_it.o(.text.SysTick_Handler) for SysTick_Handler
    startup_stm32f103xb.o(RESET) refers to stm32f1xx_it.o(.text.EXTI0_IRQHandler) for EXTI0_IRQHandler
    startup_stm32f103xb.o(RESET) refers to stm32f1xx_it.o(.text.EXTI1_IRQHandler) for EXTI1_IRQHandler
    startup_stm32f103xb.o(RESET) refers to stm32f1xx_it.o(.text.EXTI3_IRQHandler) for EXTI3_IRQHandler
    startup_stm32f103xb.o(RESET) refers to stm32f1xx_it.o(.text.DMA1_Channel3_IRQHandler) for DMA1_Channel3_IRQHandler
    startup_stm32f103xb.o(RESET) refers to stm32f1xx_it.o(.text.TIM2_IRQHandler) for TIM2_IRQHandler
    startup_stm32f103xb.o(RESET) refers to stm32f1xx_it.o(.text.USART3_IRQHandler) for USART3_IRQHandler
    startup_stm32f103xb.o(.text) refers (Special) to heapauxi.o(.text) for __use_two_region_memory
    startup_stm32f103xb.o(.text) refers to system_stm32f1xx.o(.text.SystemInit) for SystemInit
    startup_stm32f103xb.o(.text) refers to __main.o(!!!main) for __main
    startup_stm32f103xb.o(.text) refers to startup_stm32f103xb.o(HEAP) for Heap_Mem
    startup_stm32f103xb.o(.text) refers to startup_stm32f103xb.o(STACK) for Stack_Mem
    main.o(.text.checkSetHomeDC1) refers to main.o(.bss..L_MergedGlobals) for .L_MergedGlobals
    main.o(.text.checkSetHomeDC1) refers to main.o(.bss.htim1) for htim1
    main.o(.text.checkSetHomeDC1) refers to stm32f1xx_hal_tim.o(.text.HAL_TIM_PWM_Stop) for HAL_TIM_PWM_Stop
    main.o(.text.checkSetHomeDC1) refers to stm32f1xx_hal_tim.o(.text.HAL_TIM_PWM_Start) for HAL_TIM_PWM_Start
    main.o(.text.checkSetHomeDC1) refers to fcmp.o(x$fpl$fcmp) for __aeabi_fcmple
    main.o(.ARM.exidx.text.checkSetHomeDC1) refers to main.o(.text.checkSetHomeDC1) for [Anonymous Symbol]
    main.o(.text.checkSetHomeDC2) refers to main.o(.bss..L_MergedGlobals) for .L_MergedGlobals
    main.o(.text.checkSetHomeDC2) refers to main.o(.bss.htim3) for htim3
    main.o(.text.checkSetHomeDC2) refers to stm32f1xx_hal_tim.o(.text.HAL_TIM_PWM_Stop) for HAL_TIM_PWM_Stop
    main.o(.text.checkSetHomeDC2) refers to stm32f1xx_hal_tim.o(.text.HAL_TIM_PWM_Start) for HAL_TIM_PWM_Start
    main.o(.text.checkSetHomeDC2) refers to fcmp.o(x$fpl$fcmp) for __aeabi_fcmple
    main.o(.ARM.exidx.text.checkSetHomeDC2) refers to main.o(.text.checkSetHomeDC2) for [Anonymous Symbol]
    main.o(.text.checkSetHomeDC3) refers to main.o(.bss..L_MergedGlobals) for .L_MergedGlobals
    main.o(.text.checkSetHomeDC3) refers to main.o(.bss.htim4) for htim4
    main.o(.text.checkSetHomeDC3) refers to stm32f1xx_hal_tim.o(.text.HAL_TIM_PWM_Stop) for HAL_TIM_PWM_Stop
    main.o(.text.checkSetHomeDC3) refers to stm32f1xx_hal_tim.o(.text.HAL_TIM_PWM_Start) for HAL_TIM_PWM_Start
    main.o(.text.checkSetHomeDC3) refers to fcmp.o(x$fpl$fcmp) for __aeabi_fcmple
    main.o(.ARM.exidx.text.checkSetHomeDC3) refers to main.o(.text.checkSetHomeDC3) for [Anonymous Symbol]
    main.o(.text.pick_drop) refers to main.o(.bss..L_MergedGlobals) for .L_MergedGlobals
    main.o(.text.pick_drop) refers to stm32f1xx_hal_gpio.o(.text.HAL_GPIO_WritePin) for HAL_GPIO_WritePin
    main.o(.ARM.exidx.text.pick_drop) refers to main.o(.text.pick_drop) for [Anonymous Symbol]
    main.o(.text.readSensor) refers to stm32f1xx_hal_gpio.o(.text.HAL_GPIO_ReadPin) for HAL_GPIO_ReadPin
    main.o(.text.readSensor) refers to main.o(.bss..L_MergedGlobals) for .L_MergedGlobals
    main.o(.text.readSensor) refers to main.o(.bss.htim1) for htim1
[...]
    [Anonymous Symbol]                       0x0800221c   Section        0  stm32f1xx_hal_tim.o(.text.HAL_TIM_IC_CaptureCallback)
    [Anonymous Symbol]                       0x08002220   Section        0  stm32f1xx_hal_tim.o(.text.HAL_TIM_IRQHandler)
    [Anonymous Symbol]                       0x0800238c   Section        0  stm32f1xx_hal_msp.o(.text.HAL_TIM_MspPostInit)
    [Anonymous Symbol]                       0x08002444   Section        0  stm32f1xx_hal_tim.o(.text.HAL_TIM_OC_DelayElapsedCallback)
    [Anonymous Symbol]                       0x08002448   Section        0  stm32f1xx_hal_tim.o(.text.HAL_TIM_PWM_ConfigChannel)
    [Anonymous Symbol]                       0x0800264c   Section        0  stm32f1xx_hal_tim.o(.text.HAL_TIM_PWM_Init)
    [Anonymous Symbol]                       0x08002738   Section        0  stm32f1xx_hal_tim.o(.text.HAL_TIM_PWM_MspInit)
    [Anonymous Symbol]                       0x0800273c   Section        0  stm32f1xx_hal_tim.o(.text.HAL_TIM_PWM_PulseFinishedCallback)
    [Anonymous Symbol]                       0x08002740   Section        0  stm32f1xx_hal_tim.o(.text.HAL_TIM_PWM_Start)
    [Anonymous Symbol]                       0x08002818   Section        0  stm32f1xx_hal_tim.o(.text.HAL_TIM_PWM_Stop)
    [Anonymous Symbol]                       0x080028c8   Section        0  main.o(.text.HAL_TIM_PeriodElapsedCallback)
    [Anonymous Symbol]                       0x080028e8   Section        0  stm32f1xx_hal_tim.o(.text.HAL_TIM_TriggerCallback)
    [Anonymous Symbol]                       0x080028ec   Section        0  stm32f1xx_hal_uart.o(.text.HAL_UARTEx_ReceiveToIdle_DMA)
    [Anonymous Symbol]                       0x08002acc   Section        0  main.o(.text.HAL_UARTEx_RxEventCallback)
    [Anonymous Symbol]                       0x08002b04   Section        0  stm32f1xx_hal_uart.o(.text.HAL_UART_ErrorCallback)
    [Anonymous Symbol]                       0x08002b08   Section        0  stm32f1xx_hal_uart.o(.text.HAL_UART_IRQHandler)
    [Anonymous Symbol]                       0x08003070   Section        0  stm32f1xx_hal_uart.o(.text.HAL_UART_Init)
    [Anonymous Symbol]                       0x0800314c   Section        0  stm32f1xx_hal_msp.o(.text.HAL_UART_MspInit)
    [Anonymous Symbol]                       0x08003210   Section        0  stm32f1xx_hal_uart.o(.text.HAL_UART_RxCpltCallback)
    [Anonymous Symbol]                       0x08003214   Section        0  stm32f1xx_hal_uart.o(.text.HAL_UART_RxHalfCpltCallback)
    [Anonymous Symbol]                       0x08003218   Section        0  stm32f1xx_hal_uart.o(.text.HAL_UART_TxCpltCallback)
    [Anonymous Symbol]                       0x0800321c   Section        0  stm32f1xx_it.o(.text.HardFault_Handler)
    [Anonymous Symbol]                       0x08003220   Section        0  stm32f1xx_it.o(.text.MemManage_Handler)
    [Anonymous Symbol]                       0x08003224   Section        0  stm32f1xx_it.o(.text.NMI_Handler)
    [Anonymous Symbol]                       0x08003228   Section        0  main.o(.text.PID)
    [Anonymous Symbol]                       0x08003404   Section        0  stm32f1xx_it.o(.text.PendSV_Handler)
    [Anonymous Symbol]                       0x08003408   Section        0  stm32f1xx_it.o(.text.SVC_Handler)
    [Anonymous Symbol]                       0x0800340c   Section        0  stm32f1xx_it.o(.text.SysTick_Handler)
    [Anonymous Symbol]                       0x08003410   Section        0  system_stm32f1xx.o(.text.SystemInit)
    [Anonymous Symbol]                       0x08003414   Section        0  stm32f1xx_it.o(.text.TIM2_IRQHandler)
    UART_DMAAbortOnError                     0x08003421   Thumb Code    12  stm32f1xx_hal_uart.o(.text.UART_DMAAbortOnError)
    [Anonymous Symbol]                       0x08003420   Section        0  stm32f1xx_hal_uart.o(.text.UART_DMAAbortOnError)
    UART_DMAError                            0x0800342d   Thumb Code   380  stm32f1xx_hal_uart.o(.text.UART_DMAError)
    [Anonymous Symbol]                       0x0800342c   Section        0  stm32f1xx_hal_uart.o(.text.UART_DMAError)
    UART_DMAReceiveCplt                      0x080035a9   Thumb Code   350  stm32f1xx_hal_uart.o(.text.UART_DMAReceiveCplt)
    [Anonymous Symbol]                       0x080035a8   Section        0  stm32f1xx_hal_uart.o(.text.UART_DMAReceiveCplt)
    UART_DMARxHalfCplt                       0x08003709   Thumb Code    24  stm32f1xx_hal_uart.o(.text.UART_DMARxHalfCplt)
    [Anonymous Symbol]                       0x08003708   Section        0  stm32f1xx_hal_uart.o(.text.UART_DMARxHalfCplt)
    UART_Receive_IT                          0x08003721   Thumb Code   250  stm32f1xx_hal_uart.o(.text.UART_Receive_IT)
    [Anonymous Symbol]                       0x08003720   Section        0  stm32f1xx_hal_uart.o(.text.UART_Receive_IT)
    [Anonymous Symbol]                       0x0800381c   Section        0  stm32f1xx_it.o(.text.USART3_IRQHandler)
    [Anonymous Symbol]                       0x08003828   Section        0  stm32f1xx_it.o(.text.UsageFault_Handler)
    [Anonymous Symbol]                       0x0800382c   Section        0  main.o(.text.main)
    [Anonymous Symbol]                       0x08003f38   Section        0  main.o(.text.readSensor)
    CL$$btod_div_common                      0x080040c2   Section      824  btod.o(CL$$btod_div_common)
    CL$$btod_e2d                             0x080043fc   Section      132  btod.o(CL$$btod_e2d)
    CL$$btod_e2e                             0x08004480   Section      220  btod.o(CL$$btod_e2e)
    CL$$btod_ediv                            0x0800455c   Section       42  btod.o(CL$$btod_ediv)
    CL$$btod_edivd                           0x08004586   Section       42  btod.o(CL$$btod_edivd)
    CL$$btod_emul                            0x080045b0   Section       42  btod.o(CL$$btod_emul)
    CL$$btod_emuld                           0x080045da   Section       42  btod.o(CL$$btod_emuld)
    CL$$btod_mult_common                     0x08004604   Section      580  btod.o(CL$$btod_mult_common)
    i.__mathlib_dbl_overflow                 0x08004848   Section        0  dunder.o(i.__mathlib_dbl_overflow)
    i.__mathlib_dbl_underflow                0x08004858   Section        0  dunder.o(i.__mathlib_dbl_underflow)
    i.__mathlib_narrow                       0x08004868   Section        0  narrow.o(i.__mathlib_narrow)
    i.__mathlib_tofloat                      0x08004878   Section        0  narrow.o(i.__mathlib_tofloat)
    i.__support_ldexp                        0x08004934   Section        0  ldexp.o(i.__support_ldexp)
    i._is_digit                              0x0800494a   Section        0  scanf_fp.o(i._is_digit)
    i.frexp                                  0x08004958   Section        0  frexp.o(i.frexp)
    i.ldexp                                  0x080049b0   Section        0  ldexp.o(i.ldexp)
    i.strtof                                 0x08004a24   Section        0  strtof.o(i.strtof)
    locale$$code                             0x08004a38   Section       44  lc_numeric_c.o(locale$$code)
    locale$$code                             0x08004a64   Section       44  lc_ctype_c.o(locale$$code)
    x$fpl$d2f                                0x08004a90   Section       98  d2f.o(x$fpl$d2f)
    x$fpl$dcheck1                            0x08004af4   Section       16  dcheck1.o(x$fpl$dcheck1)
    x$fpl$dcmpinf                            0x08004b04   Section       24  dcmpi.o(x$fpl$dcmpinf)
    x$fpl$ddiv                               0x08004b1c   Section      688  ddiv.o(x$fpl$ddiv)
    ddiv_entry                               0x08004b23   Thumb Code     0  ddiv.o(x$fpl$ddiv)
    x$fpl$deqf                               0x08004dcc   Section      120  deqf.o(x$fpl$deqf)
    x$fpl$dleqf                              0x08004e44   Section      120  dleqf.o(x$fpl$dleqf)
    x$fpl$dmul                               0x08004ebc   Section      340  dmul.o(x$fpl$dmul)
    x$fpl$dnaninf                            0x08005010   Section      156  dnaninf.o(x$fpl$dnaninf)
    x$fpl$dretinf                            0x080050ac   Section       12  dretinf.o(x$fpl$dretinf)
    x$fpl$drleqf                             0x080050b8   Section      108  drleqf.o(x$fpl$drleqf)
    x$fpl$f2d                                0x08005124   Section       86  f2d.o(x$fpl$f2d)
    x$fpl$fadd                               0x0800517c   Section      196  faddsub_clz.o(x$fpl$fadd)
    _fadd1                                   0x0800518b   Thumb Code     0  faddsub_clz.o(x$fpl$fadd)
    x$fpl$fcmp                               0x08005240   Section       84  fcmp.o(x$fpl$fcmp)
    x$fpl$fcmpinf                            0x08005294   Section       24  fcmpi.o(x$fpl$fcmpinf)
    _fdiv1                                   0x080052ad   Thumb Code     0  fdiv.o(x$fpl$fdiv)
    x$fpl$fdiv                               0x080052ac   Section      388  fdiv.o(x$fpl$fdiv)
    x$fpl$feqf                               0x08005430   Section      104  feqf.o(x$fpl$feqf)
    x$fpl$ffix                               0x08005498   Section       54  ffix.o(x$fpl$ffix)
    x$fpl$ffixu                              0x080054d0   Section       62  ffixu.o(x$fpl$ffixu)
    x$fpl$fgeqf                              0x08005510   Section      104  fgeqf.o(x$fpl$fgeqf)
    x$fpl$fleqf                              0x08005578   Section      104  fleqf.o(x$fpl$fleqf)
    x$fpl$fmul                               0x080055e0   Section      258  fmul.o(x$fpl$fmul)
    x$fpl$fnaninf                            0x080056e2   Section      140  fnaninf.o(x$fpl$fnaninf)
    x$fpl$fretinf                            0x0800576e   Section       10  fretinf.o(x$fpl$fretinf)
    x$fpl$fsub                               0x08005778   Section      234  faddsub_clz.o(x$fpl$fsub)
    _fsub1                                   0x08005787   Thumb Code     0  faddsub_clz.o(x$fpl$fsub)
    x$fpl$ieeestatus                         0x08005862   Section        6  istatus.o(x$fpl$ieeestatus)
    x$fpl$retnan                             0x08005868   Section      100  retnan.o(x$fpl$retnan)
    x$fpl$scalbn                             0x080058cc   Section       92  scalbn.o(x$fpl$scalbn)
    x$fpl$scanf1                             0x08005928   Section        4  scanf1.o(x$fpl$scanf1)
    x$fpl$scanf2                             0x0800592c   Section        8  scanf2.o(x$fpl$scanf2)
    x$fpl$trapveneer                         0x08005934   Section       48  trapv.o(x$fpl$trapveneer)
    tenpwrs_x                                0x08005964   Data          60  bigflt0.o(.constdata)
    .constdata                               0x08005964   Section      148  bigflt0.o(.constdata)
    x$fpl$usenofp                            0x08005964   Section        0  usenofp.o(x$fpl$usenofp)
    tenpwrs_i                                0x080059a0   Data          64  bigflt0.o(.constdata)
    HAL_RCC_GetSysClockFreq.aPredivFactorTable 0x08005a10   Data           2  stm32f1xx_hal_rcc.o(.rodata.HAL_RCC_GetSysClockFreq.aPredivFactorTable)
    [Anonymous Symbol]                       0x08005a10   Section        0  stm32f1xx_hal_rcc.o(.rodata.HAL_RCC_GetSysClockFreq.aPredivFactorTable)
    HAL_RCC_GetSysClockFreq.aPLLMULFactorTable 0x08005a12   Data          16  stm32f1xx_hal_rcc.o(.rodata.cst16)
    .L.str                                   0x08005a22   Data           2  main.o(.rodata.str1.1)
    [Anonymous Symbol]                       0x08005a22   Section        0  main.o(.rodata.str1.1)
    c$$dinf                                  0x08005a44   Section        8  fpconst.o(c$$dinf)
    c$$dmax                                  0x08005a4c   Section        8  fpconst.o(c$$dmax)
    locale$$data                             0x08005a54   Section       28  lc_numeric_c.o(locale$$data)
    __lcnum_c_name                           0x08005a58   Data           2  lc_numeric_c.o(locale$$data)
    __lcnum_c_start                          0x08005a60   Data           0  lc_numeric_c.o(locale$$data)
    __lcnum_c_point                          0x08005a6c   Data           0  lc_numeric_c.o(locale$$data)
    __lcnum_c_thousands                      0x08005a6e   Data           0  lc_numeric_c.o(locale$$data)
    __lcnum_c_grouping                       0x08005a6f   Data           0  lc_numeric_c.o(locale$$data)
    __lcnum_c_end                            0x08005a70   Data           0  lc_numeric_c.o(locale$$data)
    locale$$data                             0x08005a70   Section      272  lc_ctype_c.o(locale$$data)
    __lcctype_c_name                         0x08005a74   Data           2  lc_ctype_c.o(locale$$data)
    __lcctype_c_start                        0x08005a7c   Data           0  lc_ctype_c.o(locale$$data)
    __lcctype_c_end                          0x08005b80   Data           0  lc_ctype_c.o(locale$$data)
    _strtok_saves1                           0x20000000   Data           4  strtok.o(.data)
    .data                                    0x20000000   Section        4  strtok.o(.data)
    .L_MergedGlobals                         0x20000004   Data           8  stm32f1xx_hal.o(.data..L_MergedGlobals)
    [Anonymous Symbol]                       0x20000004   Section        0  stm32f1xx_hal.o(.data..L_MergedGlobals)
    .bss                                     0x20000010   Section       96  libspace.o(.bss)
    .L_MergedGlobals                         0x20000070   Data         124  main.o(.bss..L_MergedGlobals)
    [Anonymous Symbol]                       0x20000070   Section        0  main.o(.bss..L_MergedGlobals)
    .L_MergedGlobals.1                       0x200000ec   Data         122  main.o(.bss..L_MergedGlobals.1)
    [Anonymous Symbol]                       0x200000ec   Section        0  main.o(.bss..L_MergedGlobals.1)
    Heap_Mem                                 0x20000318   Data         512  startup_stm32f103xb.o(HEAP)
    HEAP                                     0x20000318   Section      512  startup_stm32f103xb.o(HEAP)
    Stack_Mem                                0x20000518   Data        1024  startup_stm32f103xb.o(STACK)
    STACK                                    0x20000518   Section     1024  startup_stm32f103xb.o(STACK)
    __initial_sp                             0x20000918   Data           0  startup_stm32f103xb.o(STACK)

    Global Symbols

    Symbol Name                              Value     Ov Type        Size  Object(Section)

    BuildAttributes$$THM_ISAv4$P$D$K$B$S$PE$A:L22UL41UL21$X:L11$S22US41US21$IEEE1$IW$~IW$USESV6$~STKCKD$USESV7$~SHL$OTIME$ROPI$IEEEX$EBA8$UX$STANDARDLIB$REQ8$PRES8$EABIv2 0x00000000   Number         0  anon$$obj.o ABSOLUTE
    __fp_init_empty                          0x00000000   Number         0  fpinit_empty.o ABSOLUTE
    __ARM_exceptions_init                     - Undefined Weak Reference
    __alloca_initialize                       - Undefined Weak Reference
    __arm_preinit_                            - Undefined Weak Reference
    __cpp_initialize__aeabi_                  - Undefined Weak Reference
    __cxa_finalize                            - Undefined Weak Reference
    __sigvec_lookup                           - Undefined Weak Reference
    _atexit_init                              - Undefined Weak Reference
    _call_atexit_fns                          - Undefined Weak Reference
    _clock_init                               - Undefined Weak Reference
    _fp_trap_init                             - Undefined Weak Reference
    _fp_trap_shutdown                         - Undefined Weak Reference
    _get_lc_collate                           - Undefined Weak Reference
    _get_lc_monetary                          - Undefined Weak Reference
    _get_lc_time                              - Undefined Weak Reference
    _getenv_init                              - Undefined Weak Reference
    _handle_redirection                       - Undefined Weak Reference
    _init_alloc                               - Undefined Weak Reference
    _init_user_alloc                          - Undefined Weak Reference
    _initio                                   - Undefined Weak Reference
    _rand_init                                - Undefined Weak Reference
    _signal_finish                            - Undefined Weak Reference
    _signal_init                              - Undefined Weak Reference
    _terminate_alloc                          - Undefined Weak Reference
    _terminate_user_alloc                     - Undefined Weak Reference
    _terminateio                              - Undefined Weak Reference
    __Vectors_Size                           0x000000ec   Number         0  startup_stm32f103xb.o ABSOLUTE
    __Vectors                                0x08000000   Data           4  startup_stm32f103xb.o(RESET)
    __Vectors_End                            0x080000ec   Data           0  startup_stm32f103xb.o(RESET)
    __main                                   0x080000ed   Thumb Code     8  __main.o(!!!main)
    __scatterload                            0x080000f5   Thumb Code     0  __scatter.o(!!!scatter)
    __scatterload_rt2                        0x080000f5   Thumb Code    44  __scatter.o(!!!scatter)
    __scatterload_rt2_thumb_only             0x080000f5   Thumb Code     0  __scatter.o(!!!scatter)
    __scatterload_null                       0x08000103   Thumb Code     0  __scatter.o(!!!scatter)
    __scatterload_copy                       0x08000129   Thumb Code    26  __scatter_copy.o(!!handler_copy)
    __scatterload_zeroinit                   0x08000145   Thumb Code    28  __scatter_zi.o(!!handler_zi)
    __rt_lib_init                            0x08000161   Thumb Code     0  libinit.o(.ARM.Collect$$libinit$$00000000)
    __rt_lib_init_fp_1                       0x08000163   Thumb Code     0  libinit2.o(.ARM.Collect$$libinit$$00000002)
    __rt_lib_init_heap_1                     0x08000163   Thumb Code     0  libinit2.o(.ARM.Collect$$libinit$$0000000A)
    __rt_lib_init_lc_common                  0x08000163   Thumb Code     0  libinit2.o(.ARM.Collect$$libinit$$0000000F)
    __rt_lib_init_preinit_1                  0x08000163   Thumb Code     0  libinit2.o(.ARM.Collect$$libinit$$00000004)
    __rt_lib_init_rand_1                     0x08000163   Thumb Code     0  libinit2.o(.ARM.Collect$$libinit$$0000000E)
    __rt_lib_init_user_alloc_1               0x08000163   Thumb Code     0  libinit2.o(.ARM.Collect$$libinit$$0000000C)
    __rt_lib_init_lc_collate_1               0x08000169   Thumb Code     0  libinit2.o(.ARM.Collect$$libinit$$00000011)
    __rt_lib_init_lc_ctype_2                 0x08000169   Thumb Code     0  libinit2.o(.ARM.Collect$$libinit$$00000012)
    __rt_lib_init_lc_ctype_1                 0x08000175   Thumb Code     0  libinit2.o(.ARM.Collect$$libinit$$00000013)
    __rt_lib_init_lc_monetary_1              0x08000175   Thumb Code     0  libinit2.o(.ARM.Collect$$libinit$$00000015)
    __rt_lib_init_lc_numeric_2               0x08000175   Thumb Code     0  libinit2.o(.ARM.Collect$$libinit$$00000016)
    __rt_lib_init_alloca_1                   0x0800017f   Thumb Code     0  libinit2.o(.ARM.Collect$$libinit$$0000002E)
    __rt_lib_init_argv_1                     0x0800017f   Thumb Code     0  libinit2.o(.ARM.Collect$$libinit$$0000002C)
    __rt_lib_init_atexit_1                   0x0800017f   Thumb Code     0  libinit2.o(.ARM.Collect$$libinit$$0000001B)
    __rt_lib_init_clock_1                    0x0800017f   Thumb Code     0  libinit2.o(.ARM.Collect$$libinit$$00000021)
    __rt_lib_init_cpp_1                      0x0800017f   Thumb Code     0  libinit2.o(.ARM.Collect$$libinit$$00000032)
    __rt_lib_init_exceptions_1               0x0800017f   Thumb Code     0  libinit2.o(.ARM.Collect$$libinit$$00000030)
    __rt_lib_init_fp_trap_1                  0x0800017f   Thumb Code     0  libinit2.o(.ARM.Collect$$libinit$$0000001F)
    __rt_lib_init_getenv_1                   0x0800017f   Thumb Code     0  libinit2.o(.ARM.Collect$$libinit$$00000023)
    __rt_lib_init_lc_numeric_1               0x0800017f   Thumb Code     0  libinit2.o(.ARM.Collect$$libinit$$00000017)
    __rt_lib_init_lc_time_1                  0x0800017f   Thumb Code     0  libinit2.o(.ARM.Collect$$libinit$$00000019)
    __rt_lib_init_return                     0x0800017f   Thumb Code     0  libinit2.o(.ARM.Collect$$libinit$$00000033)
    __rt_lib_init_signal_1                   0x0800017f   Thumb Code     0  libinit2.o(.ARM.Collect$$libinit$$0000001D)
    __rt_lib_init_stdio_1                    0x0800017f   Thumb Code     0  libinit2.o(.ARM.Collect$$libinit$$00000025)
    __rt_lib_shutdown                        0x08000181   Thumb Code     0  libshutdown.o(.ARM.Collect$$libshutdown$$00000000)
    __rt_lib_shutdown_cpp_1                  0x08000183   Thumb Code     0  libshutdown2.o(.ARM.Collect$$libshutdown$$00000002)
    __rt_lib_shutdown_fp_trap_1              0x08000183   Thumb Code     0  libshutdown2.o(.ARM.Collect$$libshutdown$$00000007)
    __rt_lib_shutdown_heap_1                 0x08000183   Thumb Code     0  libshutdown2.o(.ARM.Collect$$libshutdown$$0000000F)
    __rt_lib_shutdown_return                 0x08000183   Thumb Code     0  libshutdown2.o(.ARM.Collect$$libshutdown$$00000010)
    __rt_lib_shutdown_signal_1               0x08000183   Thumb Code     0  libshutdown2.o(.ARM.Collect$$libshutdown$$0000000A)
    __rt_lib_shutdown_stdio_1                0x08000183   Thumb Code     0  libshutdown2.o(.ARM.Collect$$libshutdown$$00000004)
    __rt_lib_shutdown_user_alloc_1           0x08000183   Thumb Code     0  libshutdown2.o(.ARM.Collect$$libshutdown$$0000000C)
    __rt_entry                               0x08000185   Thumb Code     0  __rtentry.o(.ARM.Collect$$rtentry$$00000000)
    __rt_entry_presh_1                       0x08000185   Thumb Code     0  __rtentry2.o(.ARM.Collect$$rtentry$$00000002)
    __rt_entry_sh                            0x08000185   Thumb Code     0  __rtentry4.o(.ARM.Collect$$rtentry$$00000004)
    __rt_entry_li                            0x0800018b   Thumb Code     0  __rtentry2.o(.ARM.Collect$$rtentry$$0000000A)
    __rt_entry_postsh_1                      0x0800018b   Thumb Code     0  __rtentry2.o(.ARM.Collect$$rtentry$$00000009)
    __rt_entry_main                          0x0800018f   Thumb Code     0  __rtentry2.o(.ARM.Collect$$rtentry$$0000000D)
    __rt_entry_postli_1                      0x0800018f   Thumb Code     0  __rtentry2.o(.ARM.Collect$$rtentry$$0000000C)
    __rt_exit                                0x08000197   Thumb Code     0  rtexit.o(.ARM.Collect$$rtexit$$00000000)
    __rt_exit_ls                             0x08000199   Thumb Code     0  rtexit2.o(.ARM.Collect$$rtexit$$00000003)
    __rt_exit_prels_1                        0x08000199   Thumb Code     0  rtexit2.o(.ARM.Collect$$rtexit$$00000002)
    __rt_exit_exit                           0x0800019d   Thumb Code     0  rtexit2.o(.ARM.Collect$$rtexit$$00000004)
    Reset_Handler                            0x080001a5   Thumb Code     8  startup_stm32f103xb.o(.text)
    ADC1_2_IRQHandler                        0x080001bf   Thumb Code     0  startup_stm32f103xb.o(.text)
    CAN1_RX1_IRQHandler                      0x080001bf   Thumb Code     0  startup_stm32f103xb.o(.text)
    CAN1_SCE_IRQHandler                      0x080001bf   Thumb Code     0  startup_stm32f103xb.o(.text)
    DMA1_Channel1_IRQHandler                 0x080001bf   Thumb Code     0  startup_stm32f103xb.o(.text)
    DMA1_Channel2_IRQHandler                 0x080001bf   Thumb Code     0  startup_stm32f103xb.o(.text)
    DMA1_Channel4_IRQHandler                 0x080001bf   Thumb Code     0  startup_stm32f103xb.o(.text)
    DMA1_Channel5_IRQHandler                 0x080001bf   Thumb Code     0  startup_stm32f103xb.o(.text)
    DMA1_Channel6_IRQHandler                 0x080001bf   Thumb Code     0  startup_stm32f103xb.o(.text)
    DMA1_Channel7_IRQHandler                 0x080001bf   Thumb Code     0  startup_stm32f103xb.o(.text)
    EXTI15_10_IRQHandler                     0x080001bf   Thumb Code     0  startup_stm32f103xb.o(.text)
    EXTI2_IRQHandler                         0x080001bf   Thumb Code     0  startup_stm32f103xb.o(.text)
    EXTI4_IRQHandler                         0x080001bf   Thumb Code     0  startup_stm32f103xb.o(.text)
    EXTI9_5_IRQHandler                       0x080001bf   Thumb Code     0  startup_stm32f103xb.o(.text)
    FLASH_IRQHandler                         0x080001bf   Thumb Code     0  startup_stm32f103xb.o(.text)
    I2C1_ER_IRQHandler                       0x080001bf   Thumb Code     0  startup_stm32f103xb.o(.text)
    I2C1_EV_IRQHandler                       0x080001bf   Thumb Code     0  startup_stm32f103xb.o(.text)
    I2C2_ER_IRQHandler                       0x080001bf   Thumb Code     0  startup_stm32f103xb.o(.text)
    I2C2_EV_IRQHandler                       0x080001bf   Thumb Code     0  startup_stm32f103xb.o(.text)
    PVD_IRQHandler                           0x080001bf   Thumb Code     0  startup_stm32f103xb.o(.text)
    RCC_IRQHandler                           0x080001bf   Thumb Code     0  startup_stm32f103xb.o(.text)
    RTC_Alarm_IRQHandler                     0x080001bf   Thumb Code     0  startup_stm32f103xb.o(.text)
    RTC_IRQHandler                           0x080001bf   Thumb Code     0  startup_stm32f103xb.o(.text)
    SPI1_IRQHandler                          0x080001bf   Thumb Code     0  startup_stm32f103xb.o(.text)
    SPI2_IRQHandler                          0x080001bf   Thumb Code     0  startup_stm32f103xb.o(.text)
    TAMPER_IRQHandler                        0x080001bf   Thumb Code     0  startup_stm32f103xb.o(.text)
    TIM1_BRK_IRQHandler                      0x080001bf   Thumb Code     0  startup_stm32f103xb.o(.text)
    TIM1_CC_IRQHandler                       0x080001bf   Thumb Code     0  startup_stm32f103xb.o(.text)
    TIM1_TRG_COM_IRQHandler                  0x080001bf   Thumb Code     0  startup_stm32f103xb.o(.text)
    TIM1_UP_IRQHandler                       0x080001bf   Thumb Code     0  startup_stm32f103xb.o(.text)
    TIM3_IRQHandler                          0x080001bf   Thumb Code     0  startup_stm32f103xb.o(.text)
    TIM4_IRQHandler                          0x080001bf   Thumb Code     0  startup_stm32f103xb.o(.text)
    USART1_IRQHandler                        0x080001bf   Thumb Code     0  startup_stm32f103xb.o(.text)
    USART2_IRQHandler                        0x080001bf   Thumb Code     0  startup_stm32f103xb.o(.text)
    USBWakeUp_IRQHandler                     0x080001bf   Thumb Code     0  startup_stm32f103xb.o(.text)
    USB_HP_CAN1_TX_IRQHandler                0x080001bf   Thumb Code     0  startup_stm32f103xb.o(.text)
    USB_LP_CAN1_RX0_IRQHandler               0x080001bf   Thumb Code     0  startup_stm32f103xb.o(.text)
    WWDG_IRQHandler                          0x080001bf   Thumb Code     0  startup_stm32f103xb.o(.text)
    __user_initial_stackheap                 0x080001c1   Thumb Code     0  startup_stm32f103xb.o(.text)
    strtok                                   0x080001e5   Thumb Code     6  strtok.o(.text)
    __use_two_region_memory                  0x080001f1   Thumb Code     2  heapauxi.o(.text)
    __rt_heap_escrow$2region                 0x080001f3   Thumb Code     2  heapauxi.o(.text)
    __rt_heap_expand$2region                 0x080001f5   Thumb Code     2  heapauxi.o(.text)
    __strtof_int                             0x080001f7   Thumb Code     8  strtof.o(.text)
    __strtok_internal                        0x08000201   Thumb Code    64  strtok_int.o(.text)
    __strtod_int                             0x08000289   Thumb Code    94  strtod.o(.text)
    strcspn                                  0x080002f5   Thumb Code    32  strcspn.o(.text)
    strspn                                   0x08000315   Thumb Code    28  strspn.o(.text)
    __user_setup_stackheap                   0x08000331   Thumb Code    74  sys_stackheap_outer.o(.text)
    isspace                                  0x0800037b   Thumb Code    18  isspace.o(.text)
    _sgetc                                   0x0800038d   Thumb Code    30  _sgetc.o(.text)
    _sbackspace                              0x080003ab   Thumb Code    34  _sgetc.o(.text)
    exit                                     0x080003cd   Thumb Code    18  exit.o(.text)
    __user_libspace                          0x080003e1   Thumb Code     8  libspace.o(.text)
    __user_perproc_libspace                  0x080003e1   Thumb Code     0  libspace.o(.text)
    __user_perthread_libspace                0x080003e1   Thumb Code     0  libspace.o(.text)
    __rt_ctype_table                         0x080003e9   Thumb Code    16  rt_ctype_table.o(.text)
    _scanf_really_real                       0x08000645   Thumb Code   684  scanf_fp.o(.text)
    strcmp                                   0x080008f1   Thumb Code   128  strcmpv7m.o(.text)
    __rt_locale                              0x08000971   Thumb Code     8  rt_locale_intlibspace.o(.text)
    __aeabi_errno_addr                       0x08000979   Thumb Code     8  rt_errno_addr_intlibspace.o(.text)
    __errno$intlibspace                      0x08000979   Thumb Code     0  rt_errno_addr_intlibspace.o(.text)
    __rt_errno_addr$intlibspace              0x08000979   Thumb Code     0  rt_errno_addr_intlibspace.o(.text)
    __aeabi_llsl                             0x08000981   Thumb Code     0  llshl.o(.text)
    _ll_shift_l                              0x08000981   Thumb Code    38  llshl.o(.text)
    _btod_etento                             0x080009a9   Thumb Code   224  bigflt0.o(.text)
    _sys_exit                                0x08000a8d   Thumb Code     8  sys_exit.o(.text)
    __read_errno                             0x08000a99   Thumb Code    10  _rserrno.o(.text)
    __set_errno                              0x08000aa3   Thumb Code    12  _rserrno.o(.text)
    _scanf_really_hex_real                   0x08000ab1   Thumb Code   786  scanf_hexfp.o(.text)
    _scanf_really_infnan                     0x08000dd1   Thumb Code   292  scanf_infnan.o(.text)
    __I$use$semihosting                      0x08000f05   Thumb Code     0  use_no_semi.o(.text)
    __use_no_semihosting_swi                 0x08000f05   Thumb Code     2  use_no_semi.o(.text)
    __semihosting_library_function           0x08000f07   Thumb Code     0  indicate_semi.o(.text)
    _chval                                   0x08000f07   Thumb Code    28  _chval.o(.text)
    BusFault_Handler                         0x08000f25   Thumb Code     2  stm32f1xx_it.o(.text.BusFault_Handler)
    DMA1_Channel3_IRQHandler                 0x08000f29   Thumb Code    12  stm32f1xx_it.o(.text.DMA1_Channel3_IRQHandler)
    DebugMon_Handler                         0x08000f35   Thumb Code     2  stm32f1xx_it.o(.text.DebugMon_Handler)
    EXTI0_IRQHandler                         0x08000f39   Thumb Code     6  stm32f1xx_it.o(.text.EXTI0_IRQHandler)
    EXTI1_IRQHandler                         0x08000f41   Thumb Code     6  stm32f1xx_it.o(.text.EXTI1_IRQHandler)
    EXTI3_IRQHandler                         0x08000f49   Thumb Code     6  stm32f1xx_it.o(.text.EXTI3_IRQHandler)
    Error_Handler                            0x08000f51   Thumb Code    10  main.o(.text.Error_Handler)
    HAL_DMA_Abort                            0x08000f5d   Thumb Code    70  stm32f1xx_hal_dma.o(.text.HAL_DMA_Abort)
    HAL_DMA_Abort_IT                         0x08000fa5   Thumb Code   174  stm32f1xx_hal_dma.o(.text.HAL_DMA_Abort_IT)
    HAL_DMA_IRQHandler                       0x08001055   Thumb Code   420  stm32f1xx_hal_dma.o(.text.HAL_DMA_IRQHandler)
    HAL_DMA_Init                             0x080011f9   Thumb Code   136  stm32f1xx_hal_dma.o(.text.HAL_DMA_Init)
    HAL_DMA_Start_IT                         0x08001281   Thumb Code   154  stm32f1xx_hal_dma.o(.text.HAL_DMA_Start_IT)
    HAL_Delay                                0x0800131d   Thumb Code    40  stm32f1xx_hal.o(.text.HAL_Delay)
    HAL_GPIO_EXTI_Callback                   0x08001345   Thumb Code   192  main.o(.text.HAL_GPIO_EXTI_Callback)
    HAL_GPIO_EXTI_IRQHandler                 0x08001405   Thumb Code    22  stm32f1xx_hal_gpio.o(.text.HAL_GPIO_EXTI_IRQHandler)
    HAL_GPIO_Init                            0x0800141d   Thumb Code   526  stm32f1xx_hal_gpio.o(.text.HAL_GPIO_Init)
    HAL_GPIO_ReadPin                         0x0800162d   Thumb Code    10  stm32f1xx_hal_gpio.o(.text.HAL_GPIO_ReadPin)
    HAL_GPIO_WritePin                        0x08001639   Thumb Code    10  stm32f1xx_hal_gpio.o(.text.HAL_GPIO_WritePin)
    HAL_GetTick                              0x08001645   Thumb Code    12  stm32f1xx_hal.o(.text.HAL_GetTick)
    HAL_IncTick                              0x08001651   Thumb Code    26  stm32f1xx_hal.o(.text.HAL_IncTick)
    HAL_Init                                 0x0800166d   Thumb Code    38  stm32f1xx_hal.o(.text.HAL_Init)
    HAL_InitTick                             0x08001695   Thumb Code    72  stm32f1xx_hal.o(.text.HAL_InitTick)
    HAL_MspInit                              0x080016dd   Thumb Code    66  stm32f1xx_hal_msp.o(.text.HAL_MspInit)
    HAL_NVIC_EnableIRQ                       0x08001721   Thumb Code    32  stm32f1xx_hal_cortex.o(.text.HAL_NVIC_EnableIRQ)
    HAL_NVIC_SetPriority                     0x08001741   Thumb Code    86  stm32f1xx_hal_cortex.o(.text.HAL_NVIC_SetPriority)
    HAL_NVIC_SetPriorityGrouping             0x08001799   Thumb Code    32  stm32f1xx_hal_cortex.o(.text.HAL_NVIC_SetPriorityGrouping)
    HAL_RCC_ClockConfig                      0x080017b9   Thumb Code   436  stm32f1xx_hal_rcc.o(.text.HAL_RCC_ClockConfig)
    HAL_RCC_GetPCLK1Freq                     0x0800196d   Thumb Code    38  stm32f1xx_hal_rcc.o(.text.HAL_RCC_GetPCLK1Freq)
    HAL_RCC_GetPCLK2Freq                     0x08001995   Thumb Code    38  stm32f1xx_hal_rcc.o(.text.HAL_RCC_GetPCLK2Freq)
    HAL_RCC_OscConfig                        0x080019bd   Thumb Code   924  stm32f1xx_hal_rcc.o(.text.HAL_RCC_OscConfig)
    HAL_SYSTICK_Config                       0x08001d59   Thumb Code    44  stm32f1xx_hal_cortex.o(.text.HAL_SYSTICK_Config)
    HAL_TIMEx_BreakCallback                  0x08001d85   Thumb Code     2  stm32f1xx_hal_tim_ex.o(.text.HAL_TIMEx_BreakCallback)
    HAL_TIMEx_CommutCallback                 0x08001d89   Thumb Code     2  stm32f1xx_hal_tim_ex.o(.text.HAL_TIMEx_CommutCallback)
    HAL_TIMEx_ConfigBreakDeadTime            0x08001d8d   Thumb Code    76  stm32f1xx_hal_tim_ex.o(.text.HAL_TIMEx_ConfigBreakDeadTime)
    HAL_TIMEx_MasterConfigSynchronization    0x08001dd9   Thumb Code   126  stm32f1xx_hal_tim_ex.o(.text.HAL_TIMEx_MasterConfigSynchronization)
    HAL_TIM_Base_Init                        0x08001e59   Thumb Code   234  stm32f1xx_hal_tim.o(.text.HAL_TIM_Base_Init)
    HAL_TIM_Base_MspInit                     0x08001f45   Thumb Code   204  stm32f1xx_hal_msp.o(.text.HAL_TIM_Base_MspInit)
    HAL_TIM_Base_Start_IT                    0x08002011   Thumb Code   110  stm32f1xx_hal_tim.o(.text.HAL_TIM_Base_Start_IT)
    HAL_TIM_ConfigClockSource                0x08002081   Thumb Code   412  stm32f1xx_hal_tim.o(.text.HAL_TIM_ConfigClockSource)
    HAL_TIM_IC_CaptureCallback               0x0800221d   Thumb Code     2  stm32f1xx_hal_tim.o(.text.HAL_TIM_IC_CaptureCallback)
    HAL_TIM_IRQHandler                       0x08002221   Thumb Code   362  stm32f1xx_hal_tim.o(.text.HAL_TIM_IRQHandler)
    HAL_TIM_MspPostInit                      0x0800238d   Thumb Code   184  stm32f1xx_hal_msp.o(.text.HAL_TIM_MspPostInit)
    HAL_TIM_OC_DelayElapsedCallback          0x08002445   Thumb Code     2  stm32f1xx_hal_tim.o(.text.HAL_TIM_OC_DelayElapsedCallback)
    HAL_TIM_PWM_ConfigChannel                0x08002449   Thumb Code   514  stm32f1xx_hal_tim.o(.text.HAL_TIM_PWM_ConfigChannel)
    HAL_TIM_PWM_Init                         0x0800264d   Thumb Code   234  stm32f1xx_hal_tim.o(.text.HAL_TIM_PWM_Init)
    HAL_TIM_PWM_MspInit                      0x08002739   Thumb Code     2  stm32f1xx_hal_tim.o(.text.HAL_TIM_PWM_MspInit)
    HAL_TIM_PWM_PulseFinishedCallback        0x0800273d   Thumb Code     2  stm32f1xx_hal_tim.o(.text.HAL_TIM_PWM_PulseFinishedCallback)
    HAL_TIM_PWM_Start                        0x08002741   Thumb Code   214  stm32f1xx_hal_tim.o(.text.HAL_TIM_PWM_Start)
    HAL_TIM_PWM_Stop                         0x08002819   Thumb Code   174  stm32f1xx_hal_tim.o(.text.HAL_TIM_PWM_Stop)
    HAL_TIM_PeriodElapsedCallback            0x080028c9   Thumb Code    32  main.o(.text.HAL_TIM_PeriodElapsedCallback)
    HAL_TIM_TriggerCallback                  0x080028e9   Thumb Code     2  stm32f1xx_hal_tim.o(.text.HAL_TIM_TriggerCallback)
    HAL_UARTEx_ReceiveToIdle_DMA             0x080028ed   Thumb Code   480  stm32f1xx_hal_uart.o(.text.HAL_UARTEx_ReceiveToIdle_DMA)
    HAL_UARTEx_RxEventCallback               0x08002acd   Thumb Code    56  main.o(.text.HAL_UARTEx_RxEventCallback)
    HAL_UART_ErrorCallback                   0x08002b05   Thumb Code     2  stm32f1xx_hal_uart.o(.text.HAL_UART_ErrorCallback)
    HAL_UART_IRQHandler                      0x08002b09   Thumb Code  1384  stm32f1xx_hal_uart.o(.text.HAL_UART_IRQHandler)
    HAL_UART_Init                            0x08003071   Thumb Code   220  stm32f1xx_hal_uart.o(.text.HAL_UART_Init)
    HAL_UART_MspInit                         0x0800314d   Thumb Code   196  stm32f1xx_hal_msp.o(.text.HAL_UART_MspInit)
    HAL_UART_RxCpltCallback                  0x08003211   Thumb Code     2  stm32f1xx_hal_uart.o(.text.HAL_UART_RxCpltCallback)
    HAL_UART_RxHalfCpltCallback              0x08003215   Thumb Code     2  stm32f1xx_hal_uart.o(.text.HAL_UART_RxHalfCpltCallback)
    HAL_UART_TxCpltCallback                  0x08003219   Thumb Code     2  stm32f1xx_hal_uart.o(.text.HAL_UART_TxCpltCallback)
    HardFault_Handler                        0x0800321d   Thumb Code     2  stm32f1xx_it.o(.text.HardFault_Handler)
    MemManage_Handler                        0x08003221   Thumb Code     2  stm32f1xx_it.o(.text.MemManage_Handler)
    NMI_Handler                              0x08003225   Thumb Code     2  stm32f1xx_it.o(.text.NMI_Handler)
    PID                                      0x08003229   Thumb Code   474  main.o(.text.PID)
    PendSV_Handler                           0x08003405   Thumb Code     2  stm32f1xx_it.o(.text.PendSV_Handler)
    SVC_Handler                              0x08003409   Thumb Code     2  stm32f1xx_it.o(.text.SVC_Handler)
    SysTick_Handler                          0x0800340d   Thumb Code     4  stm32f1xx_it.o(.text.SysTick_Handler)
    SystemInit                               0x08003411   Thumb Code     2  system_stm32f1xx.o(.text.SystemInit)
    TIM2_IRQHandler                          0x08003415   Thumb Code    12  stm32f1xx_it.o(.text.TIM2_IRQHandler)
    USART3_IRQHandler                        0x0800381d   Thumb Code    12  stm32f1xx_it.o(.text.USART3_IRQHandler)
    UsageFault_Handler                       0x08003829   Thumb Code     2  stm32f1xx_it.o(.text.UsageFault_Handler)
    main                                     0x0800382d   Thumb Code  1802  main.o(.text.main)
    readSensor                               0x08003f39   Thumb Code   394  main.o(.text.readSensor)
    __btod_div_common                        0x080040c3   Thumb Code   696  btod.o(CL$$btod_div_common)
    _e2d                                     0x080043fd   Thumb Code   122  btod.o(CL$$btod_e2d)
    _e2e                                     0x08004481   Thumb Code   220  btod.o(CL$$btod_e2e)
    _btod_ediv                               0x0800455d   Thumb Code    42  btod.o(CL$$btod_ediv)
    _btod_edivd                              0x08004587   Thumb Code    42  btod.o(CL$$btod_edivd)
    _btod_emul                               0x080045b1   Thumb Code    42  btod.o(CL$$btod_emul)
    _btod_emuld                              0x080045db   Thumb Code    42  btod.o(CL$$btod_emuld)
    __btod_mult_common                       0x08004605   Thumb Code   580  btod.o(CL$$btod_mult_common)
    __mathlib_dbl_overflow                   0x08004849   Thumb Code    14  dunder.o(i.__mathlib_dbl_overflow)
    __mathlib_dbl_underflow                  0x08004859   Thumb Code    10  dunder.o(i.__mathlib_dbl_underflow)
    __mathlib_narrow                         0x08004869   Thumb Code    16  narrow.o(i.__mathlib_narrow)
    __mathlib_tofloat                        0x08004879   Thumb Code   184  narrow.o(i.__mathlib_tofloat)
    __support_ldexp                          0x08004935   Thumb Code    22  ldexp.o(i.__support_ldexp)
    _is_digit                                0x0800494b   Thumb Code    14  scanf_fp.o(i._is_digit)
    frexp                                    0x08004959   Thumb Code    80  frexp.o(i.frexp)
    ldexp                                    0x080049b1   Thumb Code   116  ldexp.o(i.ldexp)
    strtof                                   0x08004a25   Thumb Code    20  strtof.o(i.strtof)
    _get_lc_numeric                          0x08004a39   Thumb Code    44  lc_numeric_c.o(locale$$code)
    _get_lc_ctype                            0x08004a65   Thumb Code    44  lc_ctype_c.o(locale$$code)
    __aeabi_d2f                              0x08004a91   Thumb Code     0  d2f.o(x$fpl$d2f)
    _d2f                                     0x08004a91   Thumb Code    98  d2f.o(x$fpl$d2f)
    __fpl_dcheck_NaN1                        0x08004af5   Thumb Code    10  dcheck1.o(x$fpl$dcheck1)
    __fpl_dcmp_Inf                           0x08004b05   Thumb Code    24  dcmpi.o(x$fpl$dcmpinf)
    __aeabi_ddiv                             0x08004b1d   Thumb Code     0  ddiv.o(x$fpl$ddiv)
    _ddiv                                    0x08004b1d   Thumb Code   552  ddiv.o(x$fpl$ddiv)
    __aeabi_cdcmpeq                          0x08004dcd   Thumb Code     0  deqf.o(x$fpl$deqf)
    _dcmpeq                                  0x08004dcd   Thumb Code   120  deqf.o(x$fpl$deqf)
    __aeabi_cdcmple                          0x08004e45   Thumb Code     0  dleqf.o(x$fpl$dleqf)
    _dcmple                                  0x08004e45   Thumb Code   120  dleqf.o(x$fpl$dleqf)
    __fpl_dcmple_InfNaN                      0x08004ea7   Thumb Code     0  dleqf.o(x$fpl$dleqf)
    __aeabi_dmul                             0x08004ebd   Thumb Code     0  dmul.o(x$fpl$dmul)
    _dmul                                    0x08004ebd   Thumb Code   332  dmul.o(x$fpl$dmul)
    __fpl_dnaninf                            0x08005011   Thumb Code   156  dnaninf.o(x$fpl$dnaninf)
    __fpl_dretinf                            0x080050ad   Thumb Code    12  dretinf.o(x$fpl$dretinf)
    __aeabi_cdrcmple                         0x080050b9   Thumb Code     0  drleqf.o(x$fpl$drleqf)
    _drcmple                                 0x080050b9   Thumb Code   108  drleqf.o(x$fpl$drleqf)
    __aeabi_f2d                              0x08005125   Thumb Code     0  f2d.o(x$fpl$f2d)
    _f2d                                     0x08005125   Thumb Code    86  f2d.o(x$fpl$f2d)
    __aeabi_fadd                             0x0800517d   Thumb Code     0  faddsub_clz.o(x$fpl$fadd)
    _fadd                                    0x0800517d   Thumb Code   196  faddsub_clz.o(x$fpl$fadd)
    __aeabi_fcmpeq                           0x08005241   Thumb Code     0  fcmp.o(x$fpl$fcmp)
    _feq                                     0x08005241   Thumb Code    14  fcmp.o(x$fpl$fcmp)
    _fneq                                    0x0800524f   Thumb Code    14  fcmp.o(x$fpl$fcmp)
    __aeabi_fcmpgt                           0x0800525d   Thumb Code     0  fcmp.o(x$fpl$fcmp)
    _fgr                                     0x0800525d   Thumb Code    14  fcmp.o(x$fpl$fcmp)
    __aeabi_fcmpge                           0x0800526b   Thumb Code     0  fcmp.o(x$fpl$fcmp)
    _fgeq                                    0x0800526b   Thumb Code    14  fcmp.o(x$fpl$fcmp)
    __aeabi_fcmple                           0x08005279   Thumb Code     0  fcmp.o(x$fpl$fcmp)
    _fleq                                    0x08005279   Thumb Code    14  fcmp.o(x$fpl$fcmp)
    __aeabi_fcmplt                           0x08005287   Thumb Code     0  fcmp.o(x$fpl$fcmp)
    _fls                                     0x08005287   Thumb Code    14  fcmp.o(x$fpl$fcmp)
    __fpl_fcmp_Inf                           0x08005295   Thumb Code    24  fcmpi.o(x$fpl$fcmpinf)
    __aeabi_fdiv                             0x080052ad   Thumb Code     0  fdiv.o(x$fpl$fdiv)
    _fdiv                                    0x080052ad   Thumb Code   384  fdiv.o(x$fpl$fdiv)
    __aeabi_cfcmpeq                          0x08005431   Thumb Code     0  feqf.o(x$fpl$feqf)
    _fcmpeq                                  0x08005431   Thumb Code   104  feqf.o(x$fpl$feqf)
    __aeabi_f2iz                             0x08005499   Thumb Code     0  ffix.o(x$fpl$ffix)
    _ffix                                    0x08005499   Thumb Code    54  ffix.o(x$fpl$ffix)
    __aeabi_f2uiz                            0x080054d1   Thumb Code     0  ffixu.o(x$fpl$ffixu)
    _ffixu                                   0x080054d1   Thumb Code    62  ffixu.o(x$fpl$ffixu)
    _fcmpge                                  0x08005511   Thumb Code   104  fgeqf.o(x$fpl$fgeqf)
    __aeabi_cfcmple                          0x08005579   Thumb Code     0  fleqf.o(x$fpl$fleqf)
    _fcmple                                  0x08005579   Thumb Code   104  fleqf.o(x$fpl$fleqf)
    __fpl_fcmple_InfNaN                      0x080055cb   Thumb Code     0  fleqf.o(x$fpl$fleqf)
    __aeabi_fmul                             0x080055e1   Thumb Code     0  fmul.o(x$fpl$fmul)
    _fmul                                    0x080055e1   Thumb Code   258  fmul.o(x$fpl$fmul)
    __fpl_fnaninf                            0x080056e3   Thumb Code   140  fnaninf.o(x$fpl$fnaninf)
    __fpl_fretinf                            0x0800576f   Thumb Code    10  fretinf.o(x$fpl$fretinf)
    __aeabi_fsub                             0x08005779   Thumb Code     0  faddsub_clz.o(x$fpl$fsub)
    _fsub                                    0x08005779   Thumb Code   234  faddsub_clz.o(x$fpl$fsub)
    __ieee_status                            0x08005863   Thumb Code     6  istatus.o(x$fpl$ieeestatus)
    __fpl_return_NaN                         0x08005869   Thumb Code   100  retnan.o(x$fpl$retnan)
    __ARM_scalbn                             0x080058cd   Thumb Code    92  scalbn.o(x$fpl$scalbn)
    _scanf_real                              0x08005929   Thumb Code     4  scanf1.o(x$fpl$scanf1)
    _scanf_hex_real                          0x0800592d   Thumb Code     4  scanf2.o(x$fpl$scanf2)
    _scanf_infnan                            0x08005931   Thumb Code     4  scanf2.o(x$fpl$scanf2)
    __fpl_cmpreturn                          0x08005935   Thumb Code    48  trapv.o(x$fpl$trapveneer)
    __I$use$fp                               0x08005964   Number         0  usenofp.o(x$fpl$usenofp)
    AHBPrescTable                            0x080059f8   Data          16  system_stm32f1xx.o(.rodata.AHBPrescTable)
    APBPrescTable                            0x08005a08   Data           8  system_stm32f1xx.o(.rodata.APBPrescTable)
    Region$$Table$$Base                      0x08005a24   Number         0  anon$$obj.o(Region$$Table)
    Region$$Table$$Limit                     0x08005a44   Number         0  anon$$obj.o(Region$$Table)
    __aeabi_HUGE_VAL                         0x08005a44   Data           0  fpconst.o(c$$dinf)
    __aeabi_HUGE_VALL                        0x08005a44   Data           0  fpconst.o(c$$dinf)
    __aeabi_INFINITY                         0x08005a44   Data           0  fpconst.o(c$$dinf)
    __dInf                                   0x08005a44   Data           0  fpconst.o(c$$dinf)
    __huge_val                               0x08005a44   Data           0  fpconst.o(c$$dinf)
    __dbl_max                                0x08005a4c   Data           0  fpconst.o(c$$dmax)
    __ctype                                  0x08005a7d   Data           0  lc_ctype_c.o(locale$$data)
    uwTickFreq                               0x20000004   Data           1  stm32f1xx_hal.o(.data..L_MergedGlobals)
    uwTickPrio                               0x20000008   Data           4  stm32f1xx_hal.o(.data..L_MergedGlobals)
    SystemCoreClock                          0x2000000c   Data           4  system_stm32f1xx.o(.data.SystemCoreClock)
    __libspace_start                         0x20000010   Data          96  libspace.o(.bss)
    __temporary_stack_top$libspace           0x20000070   Data           0  libspace.o(.bss)
    sensorValue1                             0x20000070   Data           1  main.o(.bss..L_MergedGlobals)
    sensorValue2                             0x20000071   Data           1  main.o(.bss..L_MergedGlobals)
    sensorValue3                             0x20000072   Data           1  main.o(.bss..L_MergedGlobals)
    READ                                     0x20000073   Data           1  main.o(.bss..L_MergedGlobals)
    flag                                     0x20000074   Data           1  main.o(.bss..L_MergedGlobals)
    len                                      0x20000075   Data           1  main.o(.bss..L_MergedGlobals)
    count                                    0x20000076   Data           1  main.o(.bss..L_MergedGlobals)
    size                                     0x20000078   Data           2  main.o(.bss..L_MergedGlobals)
    pulse                                    0x2000007c   Data           4  main.o(.bss..L_MergedGlobals)
    pulse2                                   0x20000080   Data           4  main.o(.bss..L_MergedGlobals)
    pulse3                                   0x20000084   Data           4  main.o(.bss..L_MergedGlobals)
    flag1                                    0x20000088   Data           4  main.o(.bss..L_MergedGlobals)
    vitridat                                 0x2000008c   Data           4  main.o(.bss..L_MergedGlobals)
    vitri                                    0x20000090   Data           4  main.o(.bss..L_MergedGlobals)
    flag2                                    0x20000094   Data           4  main.o(.bss..L_MergedGlobals)
    vitridat2                                0x20000098   Data           4  main.o(.bss..L_MergedGlobals)
    vitri2                                   0x2000009c   Data           4  main.o(.bss..L_MergedGlobals)
    flag3                                    0x200000a0   Data           4  main.o(.bss..L_MergedGlobals)
    vitridat3                                0x200000a4   Data           4  main.o(.bss..L_MergedGlobals)
    vitri3                                   0x200000a8   Data           4  main.o(.bss..L_MergedGlobals)
    c                                        0x200000ac   Data           4  main.o(.bss..L_MergedGlobals)
    dao                                      0x200000b0   Data           4  main.o(.bss..L_MergedGlobals)
    a                                        0x200000b4   Data           4  main.o(.bss..L_MergedGlobals)
    E                                        0x200000b8   Data           4  main.o(.bss..L_MergedGlobals)
    T                                        0x200000bc   Data           4  main.o(.bss..L_MergedGlobals)
    Kp                                       0x200000c0   Data           4  main.o(.bss..L_MergedGlobals)
    Ki                                       0x200000c4   Data           4  main.o(.bss..L_MergedGlobals)
    Kd                                       0x200000c8   Data           4  main.o(.bss..L_MergedGlobals)
    alpha                                    0x200000cc   Data           4  main.o(.bss..L_MergedGlobals)
    beta                                     0x200000d0   Data           4  main.o(.bss..L_MergedGlobals)
    gamma                                    0x200000d4   Data           4  main.o(.bss..L_MergedGlobals)
    E1                                       0x200000d8   Data           4  main.o(.bss..L_MergedGlobals)
    E2                                       0x200000dc   Data           4  main.o(.bss..L_MergedGlobals)
    LastOutput                               0x200000e0   Data           4  main.o(.bss..L_MergedGlobals)
    Output                                   0x200000e4   Data           4  main.o(.bss..L_MergedGlobals)
    Ea                                       0x200000e8   Data           4  main.o(.bss..L_MergedGlobals)
    Kp2                                      0x200000ec   Data           4  main.o(.bss..L_MergedGlobals.1)
    Ki2                                      0x200000f0   Data           4  main.o(.bss..L_MergedGlobals.1)
    Kd2                                      0x200000f4   Data           4  main.o(.bss..L_MergedGlobals.1)
    alpha2                                   0x200000f8   Data           4  main.o(.bss..L_MergedGlobals.1)
    beta2                                    0x200000fc   Data           4  main.o(.bss..L_MergedGlobals.1)
    gamma2                                   0x20000100   Data           4  main.o(.bss..L_MergedGlobals.1)
    E1a                                      0x20000104   Data           4  main.o(.bss..L_MergedGlobals.1)
    E2a                                      0x20000108   Data           4  main.o(.bss..L_MergedGlobals.1)
    LastOutput2                              0x2000010c   Data           4  main.o(.bss..L_MergedGlobals.1)
    Output2                                  0x20000110   Data           4  main.o(.bss..L_MergedGlobals.1)
    Eb                                       0x20000114   Data           4  main.o(.bss..L_MergedGlobals.1)
    Kp3                                      0x20000118   Data           4  main.o(.bss..L_MergedGlobals.1)
    Ki3                                      0x2000011c   Data           4  main.o(.bss..L_MergedGlobals.1)
    Kd3                                      0x20000120   Data           4  main.o(.bss..L_MergedGlobals.1)
    alpha3                                   0x20000124   Data           4  main.o(.bss..L_MergedGlobals.1)
    beta3                                    0x20000128   Data           4  main.o(.bss..L_MergedGlobals.1)
    gamma3                                   0x2000012c   Data           4  main.o(.bss..L_MergedGlobals.1)
    E1b                                      0x20000130   Data           4  main.o(.bss..L_MergedGlobals.1)
    E2b                                      0x20000134   Data           4  main.o(.bss..L_MergedGlobals.1)
    LastOutput3                              0x20000138   Data           4  main.o(.bss..L_MergedGlobals.1)
    Output3                                  0x2000013c   Data           4  main.o(.bss..L_MergedGlobals.1)
    b                                        0x20000140   Data           4  main.o(.bss..L_MergedGlobals.1)
    value                                    0x20000144   Data           4  main.o(.bss..L_MergedGlobals.1)
    rxBuffer                                 0x20000148   Data          10  main.o(.bss..L_MergedGlobals.1)
    uart_buff                                0x20000152   Data          10  main.o(.bss..L_MergedGlobals.1)
    char_buff                                0x2000015c   Data          10  main.o(.bss..L_MergedGlobals.1)
    hdma_usart3_rx                           0x20000168   Data          68  main.o(.bss.hdma_usart3_rx)
    htim1                                    0x200001ac   Data          72  main.o(.bss.htim1)
    htim2                                    0x200001f4   Data          72  main.o(.bss.htim2)
    htim3                                    0x2000023c   Data          72  main.o(.bss.htim3)
    htim4                                    0x20000284   Data          72  main.o(.bss.htim4)
    huart3                                   0x200002cc   Data          72  main.o(.bss.huart3)
    uwTick                                   0x20000314   Data           4  stm32f1xx_hal.o(.bss.uwTick)



==============================================================================

Memory Map of the image

  Image Entry point : 0x080000ed

  Load Region LR_IROM1 (Base: 0x08000000, Size: 0x00005b90, Max: 0x00010000, ABSOLUTE)

    Execution Region ER_IROM1 (Exec base: 0x08000000, Load base: 0x08000000, Size: 0x00005b80, Max: 0x00010000, ABSOLUTE)

    Exec Addr    Load Addr    Size         Type   Attr      Idx    E Section Name        Object

    0x08000000   0x08000000   0x000000ec   Data   RO            3    RESET               startup_stm32f103xb.o
    0x080000ec   0x080000ec   0x00000008   Code   RO          932  * !!!main             c_w.l(__main.o)
    0x080000f4   0x080000f4   0x00000034   Code   RO         1327    !!!scatter          c_w.l(__scatter.o)
    0x08000128   0x08000128   0x0000001a   Code   RO         1329    !!handler_copy      c_w.l(__scatter_copy.o)
    0x08000142   0x08000142   0x00000002   PAD
    0x08000144   0x08000144   0x0000001c   Code   RO         1331    !!handler_zi        c_w.l(__scatter_zi.o)
    0x08000160   0x08000160   0x00000002   Code   RO         1029    .ARM.Collect$$libinit$$00000000  c_w.l(libinit.o)
    0x08000162   0x08000162   0x00000000   Code   RO         1048    .ARM.Collect$$libinit$$00000002  c_w.l(libinit2.o)
    0x08000162   0x08000162   0x00000000   Code   RO         1050    .ARM.Collect$$libinit$$00000004  c_w.l(libinit2.o)
    0x08000162   0x08000162   0x00000000   Code   RO         1053    .ARM.Collect$$libinit$$0000000A  c_w.l(libinit2.o)
    0x08000162   0x08000162   0x00000000   Code   RO         1055    .ARM.Collect$$libinit$$0000000C  c_w.l(libinit2.o)
    0x08000162   0x08000162   0x00000000   Code   RO         1057    .ARM.Collect$$libinit$$0000000E  c_w.l(libinit2.o)
    0x08000162   0x08000162   0x00000006   Code   RO         1058    .ARM.Collect$$libinit$$0000000F  c_w.l(libinit2.o)
    0x08000168   0x08000168   0x00000000   Code   RO         1060    .ARM.Collect$$libinit$$00000011  c_w.l(libinit2.o)
    0x08000168   0x08000168   0x0000000c   Code   RO         1061    .ARM.Collect$$libinit$$00000012  c_w.l(libinit2.o)
    0x08000174   0x08000174   0x00000000   Code   RO         1062    .ARM.Collect$$libinit$$00000013  c_w.l(libinit2.o)
    0x08000174   0x08000174   0x00000000   Code   RO         1064    .ARM.Collect$$libinit$$00000015  c_w.l(libinit2.o)
    0x08000174   0x08000174   0x0000000a   Code   RO         1065    .ARM.Collect$$libinit$$00000016  c_w.l(libinit2.o)
    0x0800017e   0x0800017e   0x00000000   Code   RO         1066    .ARM.Collect$$libinit$$00000017  c_w.l(libinit2.o)
    0x0800017e   0x0800017e   0x00000000   Code   RO         1068    .ARM.Collect$$libinit$$00000019  c_w.l(libinit2.o)
    0x0800017e   0x0800017e   0x00000000   Code   RO         1070    .ARM.Collect$$libinit$$0000001B  c_w.l(libinit2.o)
    0x0800017e   0x0800017e   0x00000000   Code   RO         1072    .ARM.Collect$$libinit$$0000001D  c_w.l(libinit2.o)
    0x0800017e   0x0800017e   0x00000000   Code   RO         1074    .ARM.Collect$$libinit$$0000001F  c_w.l(libinit2.o)
    0x0800017e   0x0800017e   0x00000000   Code   RO         1076    .ARM.Collect$$libinit$$00000021  c_w.l(libinit2.o)
    0x0800017e   0x0800017e   0x00000000   Code   RO         1078    .ARM.Collect$$libinit$$00000023  c_w.l(libinit2.o)
    0x0800017e   0x0800017e   0x00000000   Code   RO         1080    .ARM.Collect$$libinit$$00000025  c_w.l(libinit2.o)
    0x0800017e   0x0800017e   0x00000000   Code   RO         1084    .ARM.Collect$$libinit$$0000002C  c_w.l(libinit2.o)
    0x0800017e   0x0800017e   0x00000000   Code   RO         1086    .ARM.Collect$$libinit$$0000002E  c_w.l(libinit2.o)
    0x0800017e   0x0800017e   0x00000000   Code   RO         1088    .ARM.Collect$$libinit$$00000030  c_w.l(libinit2.o)
    0x0800017e   0x0800017e   0x00000000   Code   RO         1090    .ARM.Collect$$libinit$$00000032  c_w.l(libinit2.o)
    0x0800017e   0x0800017e   0x00000002   Code   RO         1091    .ARM.Collect$$libinit$$00000033  c_w.l(libinit2.o)
    0x08000180   0x08000180   0x00000002   Code   RO         1205    .ARM.Collect$$libshutdown$$00000000  c_w.l(libshutdown.o)
    0x08000182   0x08000182   0x00000000   Code   RO         1233    .ARM.Collect$$libshutdown$$00000002  c_w.l(libshutdown2.o)
    0x08000182   0x08000182   0x00000000   Code   RO         1235    .ARM.Collect$$libshutdown$$00000004  c_w.l(libshutdown2.o)
    0x08000182   0x08000182   0x00000000   Code   RO         1238    .ARM.Collect$$libshutdown$$00000007  c_w.l(libshutdown2.o)
    0x08000182   0x08000182   0x00000000   Code   RO         1241    .ARM.Collect$$libshutdown$$0000000A  c_w.l(libshutdown2.o)
    0x08000182   0x08000182   0x00000000   Code   RO         1243    .ARM.Collect$$libshutdown$$0000000C  c_w.l(libshutdown2.o)
    0x08000182   0x08000182   0x00000000   Code   RO         1246    .ARM.Collect$$libshutdown$$0000000F  c_w.l(libshutdown2.o)
    0x08000182   0x08000182   0x00000002   Code   RO         1247    .ARM.Collect$$libshutdown$$00000010  c_w.l(libshutdown2.o)
    0x08000184   0x08000184   0x00000000   Code   RO          970    .ARM.Collect$$rtentry$$00000000  c_w.l(__rtentry.o)
    0x08000184   0x08000184   0x00000000   Code   RO          991    .ARM.Collect$$rtentry$$00000002  c_w.l(__rtentry2.o)
    0x08000184   0x08000184   0x00000006   Code   RO         1003    .ARM.Collect$$rtentry$$00000004  c_w.l(__rtentry4.o)
    0x0800018a   0x0800018a   0x00000000   Code   RO          993    .ARM.Collect$$rtentry$$00000009  c_w.l(__rtentry2.o)
    0x0800018a   0x0800018a   0x00000004   Code   RO          994    .ARM.Collect$$rtentry$$0000000A  c_w.l(__rtentry2.o)
    0x0800018e   0x0800018e   0x00000000   Code   RO          996    .ARM.Collect$$rtentry$$0000000C  c_w.l(__rtentry2.o)
    0x0800018e   0x0800018e   0x00000008   Code   RO          997    .ARM.Collect$$rtentry$$0000000D  c_w.l(__rtentry2.o)
    0x08000196   0x08000196   0x00000002   Code   RO         1035    .ARM.Collect$$rtexit$$00000000  c_w.l(rtexit.o)
    0x08000198   0x08000198   0x00000000   Code   RO         1093    .ARM.Collect$$rtexit$$00000002  c_w.l(rtexit2.o)
    0x08000198   0x08000198   0x00000004   Code   RO         1094    .ARM.Collect$$rtexit$$00000003  c_w.l(rtexit2.o)
    0x0800019c   0x0800019c   0x00000006   Code   RO         1095    .ARM.Collect$$rtexit$$00000004  c_w.l(rtexit2.o)
    0x080001a2   0x080001a2   0x00000002   PAD
    0x080001a4   0x080001a4   0x00000040   Code   RO            4    .text               startup_stm32f103xb.o
    0x080001e4   0x080001e4   0x0000000c   Code   RO          927    .text               c_w.l(strtok.o)
    0x080001f0   0x080001f0   0x00000006   Code   RO          930    .text               c_w.l(heapauxi.o)
    0x080001f6   0x080001f6   0x00000008   Code   RO          971    .text               c_w.l(strtof.o)
    0x080001fe   0x080001fe   0x00000002   PAD
    0x08000200   0x08000200   0x00000044   Code   RO          973    .text               c_w.l(strtok_int.o)
    0x08000244   0x08000244   0x000000b0   Code   RO         1005    .text               c_w.l(strtod.o)
    0x080002f4   0x080002f4   0x00000020   Code   RO         1007    .text               c_w.l(strcspn.o)
    0x08000314   0x08000314   0x0000001c   Code   RO         1009    .text               c_w.l(strspn.o)
    0x08000330   0x08000330   0x0000004a   Code   RO         1013    .text               c_w.l(sys_stackheap_outer.o)
    0x0800037a   0x0800037a   0x00000012   Code   RO         1015    .text               c_w.l(isspace.o)
    0x0800038c   0x0800038c   0x00000040   Code   RO         1017    .text               c_w.l(_sgetc.o)
    0x080003cc   0x080003cc   0x00000012   Code   RO         1022    .text               c_w.l(exit.o)
    0x080003de   0x080003de   0x00000002   PAD
    0x080003e0   0x080003e0   0x00000008   Code   RO         1032    .text               c_w.l(libspace.o)
    0x080003e8   0x080003e8   0x00000010   Code   RO         1037    .text               c_w.l(rt_ctype_table.o)
    0x080003f8   0x080003f8   0x000004f8   Code   RO         1039    .text               c_w.l(scanf_fp.o)
    0x080008f0   0x080008f0   0x00000080   Code   RO         1045    .text               c_w.l(strcmpv7m.o)
    0x08000970   0x08000970   0x00000008   Code   RO         1102    .text               c_w.l(rt_locale_intlibspace.o)
    0x08000978   0x08000978   0x00000008   Code   RO         1107    .text               c_w.l(rt_errno_addr_intlibspace.o)
    0x08000980   0x08000980   0x00000026   Code   RO         1109    .text               c_w.l(llshl.o)
    0x080009a6   0x080009a6   0x00000002   PAD
    0x080009a8   0x080009a8   0x000000e4   Code   RO         1113    .text               c_w.l(bigflt0.o)
    0x08000a8c   0x08000a8c   0x0000000c   Code   RO         1168    .text               c_w.l(sys_exit.o)
    0x08000a98   0x08000a98   0x00000016   Code   RO         1172    .text               c_w.l(_rserrno.o)
    0x08000aae   0x08000aae   0x00000002   PAD
    0x08000ab0   0x08000ab0   0x00000320   Code   RO         1193    .text               c_w.l(scanf_hexfp.o)
    0x08000dd0   0x08000dd0   0x00000134   Code   RO         1195    .text               c_w.l(scanf_infnan.o)
    0x08000f04   0x08000f04   0x00000002   Code   RO         1218    .text               c_w.l(use_no_semi.o)
    0x08000f06   0x08000f06   0x00000000   Code   RO         1220    .text               c_w.l(indicate_semi.o)
    0x08000f06   0x08000f06   0x0000001c   Code   RO         1226    .text               c_w.l(_chval.o)
    0x08000f22   0x08000f22   0x00000002   PAD
    0x08000f24   0x08000f24   0x00000002   Code   RO           74    .text.BusFault_Handler  stm32f1xx_it.o
    0x08000f26   0x08000f26   0x00000002   PAD
    0x08000f28   0x08000f28   0x0000000c   Code   RO           92    .text.DMA1_Channel3_IRQHandler  stm32f1xx_it.o
    0x08000f34   0x08000f34   0x00000002   Code   RO           80    .text.DebugMon_Handler  stm32f1xx_it.o
    0x08000f36   0x08000f36   0x00000002   PAD
    0x08000f38   0x08000f38   0x00000006   Code   RO           86    .text.EXTI0_IRQHandler  stm32f1xx_it.o
    0x08000f3e   0x08000f3e   0x00000002   PAD
    0x08000f40   0x08000f40   0x00000006   Code   RO           88    .text.EXTI1_IRQHandler  stm32f1xx_it.o
    0x08000f46   0x08000f46   0x00000002   PAD
    0x08000f48   0x08000f48   0x00000006   Code   RO           90    .text.EXTI3_IRQHandler  stm32f1xx_it.o
    0x08000f4e   0x08000f4e   0x00000002   PAD
    0x08000f50   0x08000f50   0x0000000a   Code   RO           37    .text.Error_Handler  main.o
    0x08000f5a   0x08000f5a   0x00000002   PAD
    0x08000f5c   0x08000f5c   0x00000046   Code   RO          602    .text.HAL_DMA_Abort  stm32f1xx_hal_dma.o
    0x08000fa2   0x08000fa2   0x00000002   PAD
    0x08000fa4   0x08000fa4   0x000000ae   Code   RO          604    .text.HAL_DMA_Abort_IT  stm32f1xx_hal_dma.o
    0x08001052   0x08001052   0x00000002   PAD
    0x08001054   0x08001054   0x000001a4   Code   RO          608    .text.HAL_DMA_IRQHandler  stm32f1xx_hal_dma.o
    0x080011f8   0x080011f8   0x00000088   Code   RO          594    .text.HAL_DMA_Init  stm32f1xx_hal_dma.o
    0x08001280   0x08001280   0x0000009a   Code   RO          600    .text.HAL_DMA_Start_IT  stm32f1xx_hal_dma.o
    0x0800131a   0x0800131a   0x00000002   PAD
    0x0800131c   0x0800131c   0x00000028   Code   RO          478    .text.HAL_Delay     stm32f1xx_hal.o
    0x08001344   0x08001344   0x000000c0   Code   RO           21    .text.HAL_GPIO_EXTI_Callback  main.o
    0x08001404   0x08001404   0x00000016   Code   RO          582    .text.HAL_GPIO_EXTI_IRQHandler  stm32f1xx_hal_gpio.o
    0x0800141a   0x0800141a   0x00000002   PAD
    0x0800141c   0x0800141c   0x0000020e   Code   RO          570    .text.HAL_GPIO_Init  stm32f1xx_hal_gpio.o
    0x0800162a   0x0800162a   0x00000002   PAD
    0x0800162c   0x0800162c   0x0000000a   Code   RO          574    .text.HAL_GPIO_ReadPin  stm32f1xx_hal_gpio.o
    0x08001636   0x08001636   0x00000002   PAD
    0x08001638   0x08001638   0x0000000a   Code   RO          576    .text.HAL_GPIO_WritePin  stm32f1xx_hal_gpio.o
    0x08001642   0x08001642   0x00000002   PAD
    0x08001644   0x08001644   0x0000000c   Code   RO          470    .text.HAL_GetTick   stm32f1xx_hal.o
    0x08001650   0x08001650   0x0000001a   Code   RO          468    .text.HAL_IncTick   stm32f1xx_hal.o
    0x0800166a   0x0800166a   0x00000002   PAD
    0x0800166c   0x0800166c   0x00000026   Code   RO          458    .text.HAL_Init      stm32f1xx_hal.o
    0x08001692   0x08001692   0x00000002   PAD
    0x08001694   0x08001694   0x00000048   Code   RO          460    .text.HAL_InitTick  stm32f1xx_hal.o
    0x080016dc   0x080016dc   0x00000042   Code   RO          105    .text.HAL_MspInit   stm32f1xx_hal_msp.o
    0x0800171e   0x0800171e   0x00000002   PAD
    0x08001720   0x08001720   0x00000020   Code   RO          630    .text.HAL_NVIC_EnableIRQ  stm32f1xx_hal_cortex.o
    0x08001740   0x08001740   0x00000056   Code   RO          628    .text.HAL_NVIC_SetPriority  stm32f1xx_hal_cortex.o
    0x08001796   0x08001796   0x00000002   PAD
    0x08001798   0x08001798   0x00000020   Code   RO          626    .text.HAL_NVIC_SetPriorityGrouping  stm32f1xx_hal_cortex.o
    0x080017b8   0x080017b8   0x000001b4   Code   RO          522    .text.HAL_RCC_ClockConfig  stm32f1xx_hal_rcc.o
    0x0800196c   0x0800196c   0x00000026   Code   RO          534    .text.HAL_RCC_GetPCLK1Freq  stm32f1xx_hal_rcc.o
    0x08001992   0x08001992   0x00000002   PAD
    0x08001994   0x08001994   0x00000026   Code   RO          536    .text.HAL_RCC_GetPCLK2Freq  stm32f1xx_hal_rcc.o
    0x080019ba   0x080019ba   0x00000002   PAD
    0x080019bc   0x080019bc   0x0000039c   Code   RO          520    .text.HAL_RCC_OscConfig  stm32f1xx_hal_rcc.o
    0x08001d58   0x08001d58   0x0000002c   Code   RO          638    .text.HAL_SYSTICK_Config  stm32f1xx_hal_cortex.o
    0x08001d84   0x08001d84   0x00000002   Code   RO          444    .text.HAL_TIMEx_BreakCallback  stm32f1xx_hal_tim_ex.o
    0x08001d86   0x08001d86   0x00000002   PAD
    0x08001d88   0x08001d88   0x00000002   Code   RO          440    .text.HAL_TIMEx_CommutCallback  stm32f1xx_hal_tim_ex.o
    0x08001d8a   0x08001d8a   0x00000002   PAD
    0x08001d8c   0x08001d8c   0x0000004c   Code   RO          436    .text.HAL_TIMEx_ConfigBreakDeadTime  stm32f1xx_hal_tim_ex.o
    0x08001dd8   0x08001dd8   0x0000007e   Code   RO          434    .text.HAL_TIMEx_MasterConfigSynchronization  stm32f1xx_hal_tim_ex.o
    0x08001e56   0x08001e56   0x00000002   PAD
    0x08001e58   0x08001e58   0x000000ea   Code   RO          139    .text.HAL_TIM_Base_Init  stm32f1xx_hal_tim.o
    0x08001f42   0x08001f42   0x00000002   PAD
    0x08001f44   0x08001f44   0x000000cc   Code   RO          107    .text.HAL_TIM_Base_MspInit  stm32f1xx_hal_msp.o
    0x08002010   0x08002010   0x0000006e   Code   RO          153    .text.HAL_TIM_Base_Start_IT  stm32f1xx_hal_tim.o
    0x0800207e   0x0800207e   0x00000002   PAD
    0x08002080   0x08002080   0x0000019c   Code   RO          319    .text.HAL_TIM_ConfigClockSource  stm32f1xx_hal_tim.o
    0x0800221c   0x0800221c   0x00000002   Code   RO          275    .text.HAL_TIM_IC_CaptureCallback  stm32f1xx_hal_tim.o
    0x0800221e   0x0800221e   0x00000002   PAD
    0x08002220   0x08002220   0x0000016a   Code   RO          273    .text.HAL_TIM_IRQHandler  stm32f1xx_hal_tim.o
    0x0800238a   0x0800238a   0x00000002   PAD
    0x0800238c   0x0800238c   0x000000b8   Code   RO          109    .text.HAL_TIM_MspPostInit  stm32f1xx_hal_msp.o
    0x08002444   0x08002444   0x00000002   Code   RO          277    .text.HAL_TIM_OC_DelayElapsedCallback  stm32f1xx_hal_tim.o
    0x08002446   0x08002446   0x00000002   PAD
    0x08002448   0x08002448   0x00000202   Code   RO          293    .text.HAL_TIM_PWM_ConfigChannel  stm32f1xx_hal_tim.o
    0x0800264a   0x0800264a   0x00000002   PAD
    0x0800264c   0x0800264c   0x000000ea   Code   RO          193    .text.HAL_TIM_PWM_Init  stm32f1xx_hal_tim.o
    0x08002736   0x08002736   0x00000002   PAD
    0x08002738   0x08002738   0x00000002   Code   RO          195    .text.HAL_TIM_PWM_MspInit  stm32f1xx_hal_tim.o
    0x0800273a   0x0800273a   0x00000002   PAD
    0x0800273c   0x0800273c   0x00000002   Code   RO          279    .text.HAL_TIM_PWM_PulseFinishedCallback  stm32f1xx_hal_tim.o
    0x0800273e   0x0800273e   0x00000002   PAD
    0x08002740   0x08002740   0x000000d6   Code   RO          201    .text.HAL_TIM_PWM_Start  stm32f1xx_hal_tim.o
    0x08002816   0x08002816   0x00000002   PAD
    0x08002818   0x08002818   0x000000ae   Code   RO          203    .text.HAL_TIM_PWM_Stop  stm32f1xx_hal_tim.o
    0x080028c6   0x080028c6   0x00000002   PAD
    0x080028c8   0x080028c8   0x00000020   Code   RO           29    .text.HAL_TIM_PeriodElapsedCallback  main.o
    0x080028e8   0x080028e8   0x00000002   Code   RO          283    .text.HAL_TIM_TriggerCallback  stm32f1xx_hal_tim.o
    0x080028ea   0x080028ea   0x00000002   PAD
    0x080028ec   0x080028ec   0x000001e0   Code   RO          837    .text.HAL_UARTEx_ReceiveToIdle_DMA  stm32f1xx_hal_uart.o
    0x08002acc   0x08002acc   0x00000038   Code   RO           31    .text.HAL_UARTEx_RxEventCallback  main.o
    0x08002b04   0x08002b04   0x00000002   Code   RO          873    .text.HAL_UART_ErrorCallback  stm32f1xx_hal_uart.o
    0x08002b06   0x08002b06   0x00000002   PAD
    0x08002b08   0x08002b08   0x00000568   Code   RO          867    .text.HAL_UART_IRQHandler  stm32f1xx_hal_uart.o
    0x08003070   0x08003070   0x000000dc   Code   RO          791    .text.HAL_UART_Init  stm32f1xx_hal_uart.o
    0x0800314c   0x0800314c   0x000000c4   Code   RO          113    .text.HAL_UART_MspInit  stm32f1xx_hal_msp.o
    0x08003210   0x08003210   0x00000002   Code   RO          881    .text.HAL_UART_RxCpltCallback  stm32f1xx_hal_uart.o
    0x08003212   0x08003212   0x00000002   PAD
    0x08003214   0x08003214   0x00000002   Code   RO          883    .text.HAL_UART_RxHalfCpltCallback  stm32f1xx_hal_uart.o
    0x08003216   0x08003216   0x00000002   PAD
    0x08003218   0x08003218   0x00000002   Code   RO          877    .text.HAL_UART_TxCpltCallback  stm32f1xx_hal_uart.o
    0x0800321a   0x0800321a   0x00000002   PAD
    0x0800321c   0x0800321c   0x00000002   Code   RO           70    .text.HardFault_Handler  stm32f1xx_it.o
    0x0800321e   0x0800321e   0x00000002   PAD
    0x08003220   0x08003220   0x00000002   Code   RO           72    .text.MemManage_Handler  stm32f1xx_it.o
    0x08003222   0x08003222   0x00000002   PAD
    0x08003224   0x08003224   0x00000002   Code   RO           68    .text.NMI_Handler   stm32f1xx_it.o
    0x08003226   0x08003226   0x00000002   PAD
    0x08003228   0x08003228   0x000001da   Code   RO           23    .text.PID           main.o
    0x08003402   0x08003402   0x00000002   PAD
    0x08003404   0x08003404   0x00000002   Code   RO           82    .text.PendSV_Handler  stm32f1xx_it.o
    0x08003406   0x08003406   0x00000002   PAD
    0x08003408   0x08003408   0x00000002   Code   RO           78    .text.SVC_Handler   stm32f1xx_it.o
    0x0800340a   0x0800340a   0x00000002   PAD
    0x0800340c   0x0800340c   0x00000004   Code   RO           84    .text.SysTick_Handler  stm32f1xx_it.o
    0x08003410   0x08003410   0x00000002   Code   RO          911    .text.SystemInit    system_stm32f1xx.o
    0x08003412   0x08003412   0x00000002   PAD
    0x08003414   0x08003414   0x0000000c   Code   RO           94    .text.TIM2_IRQHandler  stm32f1xx_it.o
    0x08003420   0x08003420   0x0000000c   Code   RO          871    .text.UART_DMAAbortOnError  stm32f1xx_hal_uart.o
    0x0800342c   0x0800342c   0x0000017c   Code   RO          821    .text.UART_DMAError  stm32f1xx_hal_uart.o
    0x080035a8   0x080035a8   0x0000015e   Code   RO          899    .text.UART_DMAReceiveCplt  stm32f1xx_hal_uart.o
    0x08003706   0x08003706   0x00000002   PAD
    0x08003708   0x08003708   0x00000018   Code   RO          901    .text.UART_DMARxHalfCplt  stm32f1xx_hal_uart.o
    0x08003720   0x08003720   0x000000fa   Code   RO          869    .text.UART_Receive_IT  stm32f1xx_hal_uart.o
    0x0800381a   0x0800381a   0x00000002   PAD
    0x0800381c   0x0800381c   0x0000000c   Code   RO           96    .text.USART3_IRQHandler  stm32f1xx_it.o
    0x08003828   0x08003828   0x00000002   Code   RO           76    .text.UsageFault_Handler  stm32f1xx_it.o
    0x0800382a   0x0800382a   0x00000002   PAD
    0x0800382c   0x0800382c   0x0000070a   Code   RO           33    .text.main          main.o
    0x08003f36   0x08003f36   0x00000002   PAD
    0x08003f38   0x08003f38   0x0000018a   Code   RO           19    .text.readSensor    main.o
    0x080040c2   0x080040c2   0x00000338   Code   RO         1126    CL$$btod_div_common  c_w.l(btod.o)
    0x080043fa   0x080043fa   0x00000002   PAD
    0x080043fc   0x080043fc   0x00000084   Code   RO         1124    CL$$btod_e2d        c_w.l(btod.o)
    0x08004480   0x08004480   0x000000dc   Code   RO         1123    CL$$btod_e2e        c_w.l(btod.o)
    0x0800455c   0x0800455c   0x0000002a   Code   RO         1120    CL$$btod_ediv       c_w.l(btod.o)
    0x08004586   0x08004586   0x0000002a   Code   RO         1122    CL$$btod_edivd      c_w.l(btod.o)
    0x080045b0   0x080045b0   0x0000002a   Code   RO         1119    CL$$btod_emul       c_w.l(btod.o)
    0x080045da   0x080045da   0x0000002a   Code   RO         1121    CL$$btod_emuld      c_w.l(btod.o)
    0x08004604   0x08004604   0x00000244   Code   RO         1125    CL$$btod_mult_common  c_w.l(btod.o)
    0x08004848   0x08004848   0x0000000e   Code   RO         1278    i.__mathlib_dbl_overflow  m_ws.l(dunder.o)
    0x08004856   0x08004856   0x00000002   PAD
    0x08004858   0x08004858   0x00000010   Code   RO         1280    i.__mathlib_dbl_underflow  m_ws.l(dunder.o)
    0x08004868   0x08004868   0x00000010   Code   RO         1162    i.__mathlib_narrow  m_ws.l(narrow.o)
    0x08004878   0x08004878   0x000000bc   Code   RO         1163    i.__mathlib_tofloat  m_ws.l(narrow.o)
    0x08004934   0x08004934   0x00000016   Code   RO         1255    i.__support_ldexp   m_ws.l(ldexp.o)
    0x0800494a   0x0800494a   0x0000000e   Code   RO         1041    i._is_digit         c_w.l(scanf_fp.o)
    0x08004958   0x08004958   0x00000058   Code   RO         1211    i.frexp             m_ws.l(frexp.o)
    0x080049b0   0x080049b0   0x00000074   Code   RO         1256    i.ldexp             m_ws.l(ldexp.o)
    0x08004a24   0x08004a24   0x00000014   Code   RO          967    i.strtof            m_ws.l(strtof.o)
    0x08004a38   0x08004a38   0x0000002c   Code   RO         1020    locale$$code        c_w.l(lc_numeric_c.o)
    0x08004a64   0x08004a64   0x0000002c   Code   RO         1142    locale$$code        c_w.l(lc_ctype_c.o)
    0x08004a90   0x08004a90   0x00000062   Code   RO          934    x$fpl$d2f           fz_ws.l(d2f.o)
    0x08004af2   0x08004af2   0x00000002   PAD
    0x08004af4   0x08004af4   0x00000010   Code   RO         1272    x$fpl$dcheck1       fz_ws.l(dcheck1.o)
    0x08004b04   0x08004b04   0x00000018   Code   RO         1248    x$fpl$dcmpinf       fz_ws.l(dcmpi.o)
    0x08004b1c   0x08004b1c   0x000002b0   Code   RO          937    x$fpl$ddiv          fz_ws.l(ddiv.o)
    0x08004dcc   0x08004dcc   0x00000078   Code   RO         1206    x$fpl$deqf          fz_ws.l(deqf.o)
    0x08004e44   0x08004e44   0x00000078   Code   RO         1250    x$fpl$dleqf         fz_ws.l(dleqf.o)
    0x08004ebc   0x08004ebc   0x00000154   Code   RO          940    x$fpl$dmul          fz_ws.l(dmul.o)
    0x08005010   0x08005010   0x0000009c   Code   RO          975    x$fpl$dnaninf       fz_ws.l(dnaninf.o)
    0x080050ac   0x080050ac   0x0000000c   Code   RO          977    x$fpl$dretinf       fz_ws.l(dretinf.o)
    0x080050b8   0x080050b8   0x0000006c   Code   RO         1208    x$fpl$drleqf        fz_ws.l(drleqf.o)
    0x08005124   0x08005124   0x00000056   Code   RO          942    x$fpl$f2d           fz_ws.l(f2d.o)
    0x0800517a   0x0800517a   0x00000002   PAD
    0x0800517c   0x0800517c   0x000000c4   Code   RO          944    x$fpl$fadd          fz_ws.l(faddsub_clz.o)
    0x08005240   0x08005240   0x00000054   Code   RO          950    x$fpl$fcmp          fz_ws.l(fcmp.o)
    0x08005294   0x08005294   0x00000018   Code   RO         1011    x$fpl$fcmpinf       fz_ws.l(fcmpi.o)
    0x080052ac   0x080052ac   0x00000184   Code   RO          953    x$fpl$fdiv          fz_ws.l(fdiv.o)
    0x08005430   0x08005430   0x00000068   Code   RO          979    x$fpl$feqf          fz_ws.l(feqf.o)
    0x08005498   0x08005498   0x00000036   Code   RO          956    x$fpl$ffix          fz_ws.l(ffix.o)
    0x080054ce   0x080054ce   0x00000002   PAD
    0x080054d0   0x080054d0   0x0000003e   Code   RO          960    x$fpl$ffixu         fz_ws.l(ffixu.o)
    0x0800550e   0x0800550e   0x00000002   PAD
    0x08005510   0x08005510   0x00000068   Code   RO          981    x$fpl$fgeqf         fz_ws.l(fgeqf.o)
    0x08005578   0x08005578   0x00000068   Code   RO          983    x$fpl$fleqf         fz_ws.l(fleqf.o)
    0x080055e0   0x080055e0   0x00000102   Code   RO          964    x$fpl$fmul          fz_ws.l(fmul.o)
    0x080056e2   0x080056e2   0x0000008c   Code   RO          985    x$fpl$fnaninf       fz_ws.l(fnaninf.o)
    0x0800576e   0x0800576e   0x0000000a   Code   RO          987    x$fpl$fretinf       fz_ws.l(fretinf.o)
    0x08005778   0x08005778   0x000000ea   Code   RO          946    x$fpl$fsub          fz_ws.l(faddsub_clz.o)
    0x08005862   0x08005862   0x00000006   Code   RO         1154    x$fpl$ieeestatus    fz_ws.l(istatus.o)
    0x08005868   0x08005868   0x00000064   Code   RO         1299    x$fpl$retnan        fz_ws.l(retnan.o)
    0x080058cc   0x080058cc   0x0000005c   Code   RO         1252    x$fpl$scalbn        fz_ws.l(scalbn.o)
    0x08005928   0x08005928   0x00000004   Code   RO         1030    x$fpl$scanf1        fz_ws.l(scanf1.o)
    0x0800592c   0x0800592c   0x00000008   Code   RO         1156    x$fpl$scanf2        fz_ws.l(scanf2.o)
    0x08005934   0x08005934   0x00000030   Code   RO         1307    x$fpl$trapveneer    fz_ws.l(trapv.o)
    0x08005964   0x08005964   0x00000000   Code   RO          989    x$fpl$usenofp       fz_ws.l(usenofp.o)
    0x08005964   0x08005964   0x00000094   Data   RO         1114    .constdata          c_w.l(bigflt0.o)
    0x080059f8   0x080059f8   0x00000010   Data   RO          916    .rodata.AHBPrescTable  system_stm32f1xx.o
    0x08005a08   0x08005a08   0x00000008   Data   RO          917    .rodata.APBPrescTable  system_stm32f1xx.o
    0x08005a10   0x08005a10   0x00000002   Data   RO          547    .rodata.HAL_RCC_GetSysClockFreq.aPredivFactorTable  stm32f1xx_hal_rcc.o
    0x08005a12   0x08005a12   0x00000010   Data   RO          546    .rodata.cst16       stm32f1xx_hal_rcc.o
    0x08005a22   0x08005a22   0x00000002   Data   RO           46    .rodata.str1.1      main.o
    0x08005a24   0x08005a24   0x00000020   Data   RO         1326    Region$$Table       anon$$obj.o
    0x08005a44   0x08005a44   0x00000008   Data   RO         1148    c$$dinf             fz_ws.l(fpconst.o)
    0x08005a4c   0x08005a4c   0x00000008   Data   RO         1151    c$$dmax             fz_ws.l(fpconst.o)
    0x08005a54   0x08005a54   0x0000001c   Data   RO         1019    locale$$data        c_w.l(lc_numeric_c.o)
    0x08005a70   0x08005a70   0x00000110   Data   RO         1141    locale$$data        c_w.l(lc_ctype_c.o)


    Execution Region RW_IRAM1 (Exec base: 0x20000000, Load base: 0x08005b80, Size: 0x00000918, Max: 0x00005000, ABSOLUTE)

    Exec Addr    Load Addr    Size         Type   Attr      Idx    E Section Name        Object

    0x20000000   0x08005b80   0x00000004   Data   RW          928    .data               c_w.l(strtok.o)
    0x20000004   0x08005b84   0x00000008   Data   RW          509    .data..L_MergedGlobals  stm32f1xx_hal.o
    0x2000000c   0x08005b8c   0x00000004   Data   RW          915    .data.SystemCoreClock  system_stm32f1xx.o
    0x20000010        -       0x00000060   Zero   RW         1033    .bss                c_w.l(libspace.o)
    0x20000070        -       0x0000007c   Zero   RW           58    .bss..L_MergedGlobals  main.o
    0x200000ec        -       0x0000007a   Zero   RW           59    .bss..L_MergedGlobals.1  main.o
    0x20000166   0x08005b90   0x00000002   PAD
    0x20000168        -       0x00000044   Zero   RW           45    .bss.hdma_usart3_rx  main.o
    0x200001ac        -       0x00000048   Zero   RW           40    .bss.htim1          main.o
    0x200001f4        -       0x00000048   Zero   RW           43    .bss.htim2          main.o
    0x2000023c        -       0x00000048   Zero   RW           41    .bss.htim3          main.o
    0x20000284        -       0x00000048   Zero   RW           42    .bss.htim4          main.o
    0x200002cc        -       0x00000048   Zero   RW           44    .bss.huart3         main.o
    0x20000314        -       0x00000004   Zero   RW          508    .bss.uwTick         stm32f1xx_hal.o
    0x20000318        -       0x00000200   Zero   RW            2    HEAP                startup_stm32f103xb.o
    0x20000518        -       0x00000400   Zero   RW            1    STACK               startup_stm32f103xb.o


==============================================================================

Image component sizes


      Code (inc. data)   RO Data    RW Data    ZI Data      Debug   Object Name

      2960          0          2          0        674      15524   main.o
        64         26        236          0       1536        768   startup_stm32f103xb.o
       188          0          0          8          4       5715   stm32f1xx_hal.o
       194          0          0          0          0       8297   stm32f1xx_hal_cortex.o
       954          0          0          0          0       7916   stm32f1xx_hal_dma.o
       568         20          0          0          0       4683   stm32f1xx_hal_gpio.o
       650          0          0          0          0       8063   stm32f1xx_hal_msp.o
      1436          0         18          0          0       7647   stm32f1xx_hal_rcc.o
      2264          4          0          0          0      56043   stm32f1xx_hal_tim.o
       206          0          0          0          0      20289   stm32f1xx_hal_tim_ex.o
      3108          0          0          0          0      32286   stm32f1xx_hal_uart.o
        74          0          0          0          0       1652   stm32f1xx_it.o
         2          0         24          4          0       1571   system_stm32f1xx.o

    ----------------------------------------------------------------------
     12766         50        312         12       2216     170454   Object Totals
         0          0         32          0          0          0   (incl. Generated)
        98          0          0          0          2          0   (incl. Padding)

    ----------------------------------------------------------------------

      Code (inc. data)   RO Data    RW Data    ZI Data      Debug   Library Member Name

         8          0          0          0          0         68   __main.o
         0          0          0          0          0          0   __rtentry.o
        12          0          0          0          0          0   __rtentry2.o
         6          0          0          0          0          0   __rtentry4.o
        52          8          0          0          0          0   __scatter.o
        26          0          0          0          0          0   __scatter_copy.o
        28          0          0          0          0          0   __scatter_zi.o
        28          0          0          0          0         68   _chval.o
        22          0          0          0          0        100   _rserrno.o
        64          0          0          0          0         84   _sgetc.o
       228          4        148          0          0         96   bigflt0.o
      1924        136          0          0          0        756   btod.o
        18          0          0          0          0         80   exit.o
         6          0          0          0          0        152   heapauxi.o
         0          0          0          0          0          0   indicate_semi.o
        18          0          0          0          0         76   isspace.o
        44         10        272          0          0         76   lc_ctype_c.o
        44         10         28          0          0         76   lc_numeric_c.o
         2          0          0          0          0          0   libinit.o
        30          0          0          0          0          0   libinit2.o
         2          0          0          0          0          0   libshutdown.o
         2          0          0          0          0          0   libshutdown2.o
         8          4          0          0         96         68   libspace.o
        38          0          0          0          0         68   llshl.o
        16          4          0          0          0         76   rt_ctype_table.o
         8          4          0          0          0         68   rt_errno_addr_intlibspace.o
         8          4          0          0          0         68   rt_locale_intlibspace.o
         2          0          0          0          0          0   rtexit.o
        10          0          0          0          0          0   rtexit2.o
      1286         16          0          0          0        236   scanf_fp.o
       800         14          0          0          0        100   scanf_hexfp.o
       308         16          0          0          0        100   scanf_infnan.o
       128          0          0          0          0         68   strcmpv7m.o
        32          0          0          0          0         80   strcspn.o
        28          0          0          0          0         80   strspn.o
       176         14          0          0          0        124   strtod.o
         8          0          0          0          0         68   strtof.o
        12          6          0          4          0         68   strtok.o
        68          4          0          0          0         84   strtok_int.o
        12          4          0          0          0         68   sys_exit.o
        74          0          0          0          0         80   sys_stackheap_outer.o
         2          0          0          0          0         68   use_no_semi.o
        98          4          0          0          0         92   d2f.o
        16          4          0          0          0         68   dcheck1.o
        24          0          0          0          0         68   dcmpi.o
       688        140          0          0          0        216   ddiv.o
       120          4          0          0          0         92   deqf.o
       120          4          0          0          0         92   dleqf.o
       340         12          0          0          0        104   dmul.o
       156          4          0          0          0         92   dnaninf.o
        12          0          0          0          0         68   dretinf.o
       108          0          0          0          0         80   drleqf.o
        86          4          0          0          0         84   f2d.o
       430          8          0          0          0        168   faddsub_clz.o
        84          0          0          0          0        196   fcmp.o
        24          0          0          0          0         68   fcmpi.o
       388         76          0          0          0         96   fdiv.o
       104          4          0          0          0         84   feqf.o
        54          4          0          0          0         84   ffix.o
        62          4          0          0          0         84   ffixu.o
       104          4          0          0          0         84   fgeqf.o
       104          4          0          0          0         84   fleqf.o
       258          4          0          0          0         84   fmul.o
       140          4          0          0          0         84   fnaninf.o
         0          0         16          0          0          0   fpconst.o
        10          0          0          0          0         68   fretinf.o
         6          0          0          0          0         68   istatus.o
       100          0          0          0          0         68   retnan.o
        92          0          0          0          0         68   scalbn.o
         4          0          0          0          0         68   scanf1.o
         8          0          0          0          0         84   scanf2.o
        48          0          0          0          0         68   trapv.o
         0          0          0          0          0          0   usenofp.o
        30          6          0          0          0        136   dunder.o
        88          8          0          0          0         76   frexp.o
       138          0          0          0          0        160   ldexp.o
       204          4          0          0          0        168   narrow.o
        20          0          0          0          0         76   strtof.o

    ----------------------------------------------------------------------
      9882        566        464          4         96       6484   Library Totals
        26          2          0          0          0          0   (incl. Padding)

    ----------------------------------------------------------------------

      Code (inc. data)   RO Data    RW Data    ZI Data      Debug   Library Name

      5588        258        448          4         96       3204   c_w.l
      3788        288         16          0          0       2664   fz_ws.l
       480         18          0          0          0        616   m_ws.l

    ----------------------------------------------------------------------
      9882        566        464          4         96       6484   Library Totals

    ----------------------------------------------------------------------

==============================================================================


      Code (inc. data)   RO Data    RW Data    ZI Data      Debug   

     22648        616        776         16       2312     173118   Grand Totals
     22648        616        776         16       2312     173118   ELF Image Totals
     22648        616        776         16          0          0   ROM Totals

==============================================================================

    Total RO  Size (Code + RO Data)                23424 (  22.88kB)
    Total RW  Size (RW Data + ZI Data)              2328 (   2.27kB)
    Total ROM Size (Code + RO Data + RW Data)      23440 (  22.89kB)

==============================================================================

